doramon007
ramon23dno123
ramon98702863
ramon2
ramona92
ramona23
ramone69
ramones123
dinopramono1977
ramon16
ramone1
ramon1234pr
ramones77
ramon1
ramones1
ramon10
ramones.
ramon123
ramonin00
ramona1947
ramon12
ramon$1
sitio2008ramon
687ramonesmania
garamond1000
ramone1969
6708ramon
takaramono1
ramonda8
ramonet69
caramono2009
ramond23
ramon94
ramona28
pmiramontes1
dederamone81
skyramon007
ramone13
ramones86
sanramon2008
deisyramona3228804
ramones96393648
toni_ramon_bisbal
ramon7569405
ramonybeto123456
ramones00
ramone77
monodramonpass123
ramone76
travoltaparamon3
caramon1979
juramona1479
ramon357
ramones007
ramone33
ramon5873
ramon147258
ramona291
ramon020596
ramon85
ramon1105
ramones1973
jokopramono2009
ramonrweb0
pramonosafire6
ramonporrassan@gmail.com
niramon15
ramona10
paramonovka1
ramona26
ramon3443
dramony2me
ramones1992
ramonhacker001
ramon1234
ramones286771
ramone147
joss/ramon
123ramon
ramon1967
ramona1290
fernando1alejandra2ramon3
hadipramono2
ramon-maria-maite
ramones76
ramon53
juanramon16
juanramon79
tramontana8081
ramones537
ramona12
ramones21
chiaramonte123
ramona11
ramona2000
01ramones
ramon346
pramono031
ramona
ramones
ramona
ramones
ramon
ramone
caramon
ramon1
paramon
ramones1
ramona
ramones
ramon
ramone
caramon
ramon1
paramon
ramones1
weramon
tramon
ramonraf
paramonov
garamond
aramon
sanramon
ramon2
ramon123
paramonova
zaramon
tramontana
ramonet
ramoned
ramond
ramona1
ramon7
donramon
cramondo
caramon7
4ramones
tramonto
rramon75
ramonramon
ramoni
ramong
ramones75
ramones7
ramones2
ramones1893
ramones1234
ramone18
ramone12
ramone1
ramonda
ramonas2
ramonag
ramona44
ramona2
ramona01
ramona0
ramon86
ramon40
ramon3
ramon200
ramon12
ramon11
qahramon
Paramonov1
paramonfeus
paramon21
mattramone
mattramon
kahramon
joseramon
gramon
doeramon15
diegoramon
caramons
20tramon
zzzramon
Zitramonn78
whateverramonduran
weteramon1
ramona
ramones
ramones1
ramon1
ramona1
ramon
ramone
ramon123
ramone1
tramonto
paramon
ramona
ramones
18ramon53
caramon
Caramon9
denearamone6996
doyleramone
extramoney
garamond
Jayramon75
mirramont
ramon1
ramon1645
ramon20
ramona62
ramonaz
ramoncares
ramone
ramone06
ramone44
ramone6309
ramoneed
ramones
ramones1
saramont
ramone18
caramon
ramon
agramonte
agramontes
agramontesa
agramontesas
agramonteses
agramontesness
bramon
bramona
bramonas
bramones
bramonness
citramontana
citramontanas
citramontano
citramontanos
dramon
dramones
dramons
estramonio
estramonios
gramoness
mammagiramondo
ramon
ramona
ramonchao
ramonea
ramonear
ramoneara
ramonearas
ramonearens
ramoneares
ramonearive
ramoneas
ramoneo
ramoneos
ramones
ramonjarquin
ramons
setiopramono
teramoneyonline
tramontana
tramontanas
tramontano
tramontanoness
tramontanos
tramontar
tramontara
tramontaras
tramontarens
tramontares
tramontarive
ultramontana
ultramontanas
ultramontanismo
ultramontanismos
ultramontano
ultramontanoness
ultramontanos
1102ramon
13ramone
85ramonreece1f
9944ramona
9ramones
adampramono123456
agramon66
akiramonee
aloramon
aramon894
aramontana
aramonya02
ascwsramon
aubin/1102/ramon
bardoramon
beramond
bramon
caramon
caramon00
caramon1
caramon123
caramon7
caramon81
caramone
claramonte
cramon
cuaramon
deadramones
deramond
dondreramona1
donramon
doramon
ekoramones
elramon
elramonico
etramony
extramoney
faramonvel
framon54
garamon74
garamond
garamonde
godramon
gramons
@gramonte
hiltramon
iloveramon
imperialdramon
jerryramon
joeyramone
jokopramon
joseramon
joseramon1
jramon
juanramon
karamonos
kiaramonique
lauramon
lilramon12
liramoney
losramones
lucasgaboramonei
luisramon1
maramon
meeramonu
miramon
miramonte
miramonte06
miramonte1966
myponnaramone
nomar5ramon
paparamon1
paramon
paramonoff
paramonova
pavithramonica
pcaramona
phramone
pramono
punkramone
raindramon7
.ramon
ramon
ramon01
ramon0106
ramon03
ramon06
ramon0601
ramon08
ramon0904
ramon1
ramon10
ramon101
ramon1030
ramon1078
ramon1101
ramon118
ramon12
ramon123
ramon1234
ramon1900
ramon1945
ramon1974
ramon1980
ramon1984
ramon1986
ramon1989
ramon2
ramon2005
ramon2008
ramon2009
ramon21
ramon222
ramon23
ramon232
ramon3
ramon301
=ramon360
ramon466wss
ramon5
ramon51
ramon64
ramon70683
ramon75
ramon77
ramon8265
ramon88
ramon89
ramon99
ramona
ramona00
ramona01
ramona06
ramona07
ramona09
ramona1
ramona10
ramona12
ramona1234
ramona19
ramona1955
ramona2003
ramona21
ramona22
ramona23
ramona27
ramona321
ramona4
ramona4ver
ramona55
ramona62
ramona656
ramona66
ramona6913
ramona714
ramona75
ramona77
ramona79
ramona83
ramona84
ramona88
ramona8u
ramona90
ramona99
ramona.brown
ramonadavis1
ramonadu
ramona.ghiugan@gmail.com:buburica
ramonahs91
ramonak198
ramonaku
ramonalobo
ramonamasi
ramonandreu
ramonaramona
ramonati
ramonayala
ramonazz
ramonbenav
ramoncasillas
ramoncastaneda77
ramonchow
ramonchu
ramoncina
ramoncito
ramoncolie
ramond
ramond72
ramond8807
ramonda
ramondo
ramondoos
ramone
ramone.13
ramone22
ramone5
ramone72
ramoneda
ramonee
ramones
ramones01
ramones1
ramones11
ramones123
ramones1234
ramones1985
ramones22
ramones41
ramones43
ramones6
ramones7
ramones75
ramones76
ramones77
ramones8
ramones9
ramones90
ramonesmum
ramonesramonesramones
ramoness
ramonet
ramonet1
ramoney1
ramong
ramonia1
ramonibot
ramonida
ramonisca
ramonita
ramonito
ramonito22
ramonjay
ramonjohn
ramonkas
ramonlove
ramonmagsaysay
ramonmarquez
ramonmitre
ramonnes
ramonnya
ramono
ramono19
ramono37
ramonop
ramonp
ramonramon
ramonrey
ramonsai
ramonsean
ramonsk88
ramonsolis1598
ramonster
ramonte19
ramonteamo
ramontgirl
ramonto
ramonus10
ramonvilla
ramonvive
ramony
razorramone03
ripramon
rramone2
samramon
sanramon
sanramon1
sanramon69
shamiramon
stramonio14
subramonian
taramon
theramones
thosramone
topramone
tramont
tramontana
tramonte3
tramontina1481
tramonto
tramonto2000
tzaramonte
viaramona
weregaruramon
wriramon5
xxtramon
zebramon1209
Garamond
agaramond
aspramont
bramond
caramon
chiaramonte
citramontane
claramont
claramonte
cramond
eramon
ferramonti
fioramonti
garamon
garamon's
garamond
inframontane
intramontane
misotramontanism
paramon
paramonga
pharamond
pramono
ramon
ramon's
ramona
ramonag
ramoncito
ramond
ramonda
ramondo
ramondt
ramone
ramonerre
ramones
ramoneur
ramonville
sanramon
scramond
stramonies
stramonium
stramony
teramond
tramontane
tramontina
ultramontane
ultramontanism
ultramontanist
viramontes
Cramond
Subramonian
Veeramoney
budhypramono
ramon_felciano
doramon007
ramon23dno123
ramon98702863
ramon2
ramona92
ramona23
ramone69
ramones123
dinopramono1977
ramon16
ramone1
ramon1234pr
ramones77
ramon1
ramones1
ramon10
ramones.
ramon123
ramonin00
ramona1947
ramon12
ramon$1
sitio2008ramon
687ramonesmania
garamond1000
ramone1969
6708ramon
takaramono1
ramonda8
ramonet69
caramono2009
ramond23
ramon94
ramona28
pmiramontes1
dederamone81
skyramon007
ramone13
ramones86
sanramon2008
deisyramona3228804
ramones96393648
toni_ramon_bisbal
ramon7569405
ramonybeto123456
ramones00
ramone77
monodramonpass123
ramone76
travoltaparamon3
caramon1979
juramona1479
ramon357
ramones007
ramone33
ramon5873
ramon147258
ramona291
ramon020596
ramon85
ramon1105
ramones1973
jokopramono2009
ramonrweb0
pramonosafire6
ramonporrassan@gmail.com
niramon15
ramona10
paramonovka1
ramona26
ramon3443
dramony2me
ramones1992
ramonhacker001
ramon1234
ramones286771
ramone147
joss/ramon
123ramon
ramon1967
ramona1290
fernando1alejandra2ramon3
hadipramono2
ramon-maria-maite
ramones76
ramon53
juanramon16
juanramon79
tramontana8081
ramones537
ramona12
ramones21
chiaramonte123
ramona11
ramona2000
01ramones
ramon346
pramono031
18ramon53
caramon
Caramon9
denearamone6996
doyleramone
extramoney
garamond
Jayramon75
mirramont
ramon1
ramon1645
ramon20
ramona62
ramonaz
ramoncares
ramone
ramone06
ramone44
ramone6309
ramoneed
ramones
ramones1
saramont
ramone18
1102ramon
13ramone
85ramonreece1f
9944ramona
9ramones
adampramono123456
agramon66
akiramonee
aloramon
aramon894
aramontana
aramonya02
ascwsramon
aubin/1102/ramon
bardoramon
beramond
bramon
caramon
caramon00
caramon1
caramon123
caramon7
caramon81
caramone
claramonte
cramon
cuaramon
deadramones
deramond
dondreramona1
donramon
doramon
ekoramones
elramon
elramonico
etramony
extramoney
faramonvel
framon54
garamon74
garamond
garamonde
godramon
gramons
@gramonte
hiltramon
iloveramon
imperialdramon
jerryramon
joeyramone
jokopramon
joseramon
joseramon1
jramon
juanramon
karamonos
kiaramonique
lauramon
lilramon12
liramoney
losramones
lucasgaboramonei
luisramon1
maramon
meeramonu
miramon
miramonte
miramonte06
miramonte1966
myponnaramone
nomar5ramon
paparamon1
paramon
paramonoff
paramonova
pavithramonica
pcaramona
phramone
pramono
punkramone
raindramon7
.ramon
ramon
ramon01
ramon0106
ramon03
ramon06
ramon0601
ramon08
ramon0904
ramon1
ramon10
ramon101
ramon1030
ramon1078
ramon1101
ramon118
ramon12
ramon123
ramon1234
ramon1900
ramon1945
ramon1974
ramon1980
ramon1984
ramon1986
ramon1989
ramon2
ramon2005
ramon2008
ramon2009
ramon21
ramon222
ramon23
ramon232
ramon3
ramon301
=ramon360
ramon466wss
ramon5
ramon51
ramon64
ramon70683
ramon75
ramon77
ramon8265
ramon88
ramon89
ramon99
ramona
ramona00
ramona01
ramona06
ramona07
ramona09
ramona1
ramona10
ramona12
ramona1234
ramona19
ramona1955
ramona2003
ramona21
ramona22
ramona23
ramona27
ramona321
ramona4
ramona4ver
ramona55
ramona62
ramona656
ramona66
ramona6913
ramona714
ramona75
ramona77
ramona79
ramona83
ramona84
ramona88
ramona8u
ramona90
ramona99
ramona.brown
ramonadavis1
ramonadu
ramona.ghiugan@gmail.com:buburica
ramonahs91
ramonak198
ramonaku
ramonalobo
ramonamasi
ramonandreu
ramonaramona
ramonati
ramonayala
ramonazz
ramonbenav
ramoncasillas
ramoncastaneda77
ramonchow
ramonchu
ramoncina
ramoncito
ramoncolie
ramond
ramond72
ramond8807
ramonda
ramondo
ramondoos
ramone
ramone.13
ramone22
ramone5
ramone72
ramoneda
ramonee
ramones
ramones01
ramones1
ramones11
ramones123
ramones1234
ramones1985
ramones22
ramones41
ramones43
ramones6
ramones7
ramones75
ramones76
ramones77
ramones8
ramones9
ramones90
ramonesmum
ramonesramonesramones
ramoness
ramonet
ramonet1
ramoney1
ramong
ramonia1
ramonibot
ramonida
ramonisca
ramonita
ramonito
ramonito22
ramonjay
ramonjohn
ramonkas
ramonlove
ramonmagsaysay
ramonmarquez
ramonmitre
ramonnes
ramonnya
ramono
ramono19
ramono37
ramonop
ramonp
ramonramon
ramonrey
ramonsai
ramonsean
ramonsk88
ramonsolis1598
ramonster
ramonte19
ramonteamo
ramontgirl
ramonto
ramonus10
ramonvilla
ramonvive
ramony
razorramone03
ripramon
rramone2
samramon
sanramon
sanramon1
sanramon69
shamiramon
stramonio14
subramonian
taramon
theramones
thosramone
topramone
tramont
tramontana
tramonte3
tramontina1481
tramonto
tramonto2000
tzaramonte
viaramona
weregaruramon
wriramon5
xxtramon
zebramon1209
      1 iloveramon
iloveramon
bmiramon:beatriz2020
bmiramon:beatriz2020
rvaldes:ramon.1960
aramon:promesa.20
jramon:rrd011197
jramon:rrd011197
pramon:Autocas54
ramon.garriga@eurofrits.es:garriga6655
ramon:rmenor
setiyo.pramono:Cgk001
subramoniamk:VIVM-SSL-VPN
usuband:Tramonto2024
yvviramontes@cjf.gob.mx:Tribunal1
lmmiramontes@cjf.gob.mx:Juzgado2020
ejramon@cjf.gob.mx:Juzgado2020
amiramontes@cjf.gob.mx:Miva2020
armiramontes@cjf.gob.mx:Armh1988
Aramon:Argo#2019
dramon:Prueba$4
jramon:camiper2020
ramona.sandu:Ramona@2020
christiantour\ramona.dumitru:R@mon@2020
rvaldes:ramon.1960
aramon:promesa.20
ramon.garriga@eurofrits.es:garriga6655mgiorgetti:KDdpH2QJ
ramon:rmenorambar:ambar01tsic:TsicBcj103Dtecnica:c1c2018
setiyo.pramono:Cgk001
yvviramontes@cjf.gob.mx:Tribunal1
lmmiramontes@cjf.gob.mx:Juzgado2020
ejramon@cjf.gob.mx:Juzgado2020
amiramontes@cjf.gob.mx:Miva2020
evelarde:GerGra638soporte:On31t2017total.sec:q6Gd?7=BAramon:Argo#2019maxcom:socmaxcom2012Siscoss:B-M-s12ss44
dramon:Prueba$4nacimentol:nl.12345$
rvaldes:ramon.1960
aramon:promesa.20
jsantamaria:Grupo_VPN_MADjramon:rrd011197aboekelman:123456789
jramon:rrd011197
pramon:Autocas54
ramon.garriga@eurofrits.es:garriga6655
ramon:rmenor
setiyo.pramono:Cgk001
matteo:matteonatalia:2019!Milanousuband:Tramonto2024backoffice1:Tekno2019@viatek:v14t3ktributi1:tributi574
dramon:Prueba$4jsotelo:js.12345$agencia1:agencia1$
jramon:camiper2020
ramona.sandu:Ramona@2020
jramon:rrd011197
jramon:rrd011197
pramon:Autocas54
ramon.garriga@eurofrits.es:garriga6655
ramon:rmenor
setiyo.pramono:Cgk001
subramoniamk:VIVM-SSL-VPN
usuband:Tramonto2024
yvviramontes@cjf.gob.mx:Tribunal1
lmmiramontes@cjf.gob.mx:Juzgado2020
ejramon@cjf.gob.mx:Juzgado2020
amiramontes@cjf.gob.mx:Miva2020
armiramontes@cjf.gob.mx:Armh1988
0.245:dmorenosoporte:On31t2017Corina.Silva:acceso.2017total.sec:q6Gd?7=BAramon:Argo#2019
dramon:Prueba$4nacimentol:nl.12345$
jramon:camiper2020
ramona.sandu:Ramona@2020
christiantour\ramona.dumitru:R@mon@2020
aramon:promesa.20
REA-01:VPNREACorina.Silva:acceso.2017total.sec:q6Gd?7=BAramon:Argo#2019
subramoniamk:VIVM-SSL-VPN
usuband:Tramonto2024
yvviramontes@cjf.gob.mx:Tribunal1
lmmiramontes@cjf.gob.mx:Juzgado2020
ejramon@cjf.gob.mx:Juzgado2020
amiramontes@cjf.gob.mx:Miva2020
armiramontes@cjf.gob.mx:Armh1988
0.245:dmorenosoporte:On31t2017Corina.Silva:acceso.2017total.sec:q6Gd?7=BAramon:Argo#2019
ramona.sandu:Ramona@2020
christiantour\ramona.dumitru:R@mon@2020
C5:C5Indramonclova1:c4j4
aramon:promesa.20
subramoniamk:VIVM-SSL-VPN
yvviramontes@cjf.gob.mx:Tribunal1
lmmiramontes@cjf.gob.mx:Juzgado2020
ejramon@cjf.gob.mx:Juzgado2020
amiramontes@cjf.gob.mx:Miva2020
armiramontes@cjf.gob.mx:Armh1988
C5:C5Indramonclova1:c4j4
ramona.sandu:Ramona@2020
christiantour\ramona.dumitru:R@mon@2020
ramona.conoro@sysaid.com:@lph@RC00010855b:Admpass08!
ramona.conoro@sysaid.com:@lph@RCpmendoza:Premier500
ramona.conoro@sysaid.com:@lph@RCfhernandez2:ZxCvBn!@12#$34asmith:snarls#27
ramona.conoro@sysaid.com:@lph@RC00010855b:Admpass08!
ramona.conoro@sysaid.com:@lph@RCpmendoza:Premier500
ramona.conoro@sysaid.com:@lph@RCfhernandez2:ZxCvBn!@12#$34asmith:snarls#27
amiramontes@cjf.gob.mx:Miva2020
Aramon:Argo#2019
aramon:promesa.20
armiramontes@cjf.gob.mx:Armh1988
bmiramon:beatriz2020
christiantour\ramona.dumitru:R@mon@2020
dramon:Prueba$4
ejramon@cjf.gob.mx:Juzgado2020
jramon:camiper2020
jramon:rrd011197
lmmiramontes@cjf.gob.mx:Juzgado2020
pramon:Autocas54
ramon.garriga@eurofrits.es:garriga6655
ramon:rmenor
ramona.sandu:Ramona@2020
rvaldes:ramon.1960
setiyo.pramono:Cgk001
subramoniamk:VIVM-SSL-VPN
usuband:Tramonto2024
yvviramontes@cjf.gob.mx:Tribunal1
ramon.1960
Tramonto2024
amiramontes
Aramon
aramon
armiramontes
bmiramon
christiantour\ramona.dumitru
dramon
ejramon
jramon
lmmiramontes
pramon
ramon
ramon.garriga
ramona.sandu
setiyo.pramono
subramoniamk
yvviramontes
 105 ramon
  28 ramona
  16 ramonita
   1 ramones
   1 ramon01
   1 paramon
ramon
ramona
ramonita
ramones
ramon01
paramon
ramon
ramona
ramonita
ramones
ramon01
paramon
ramona57
horacioramon28
fabioramon
donramon
ramona90
ramon3
toramona
taramonty
ramonet
ramone1
r0gramon
8cramona61
jesusramon
ramonesmios
ramonik
joseramon
joseramon93
Caramon7
ramona96
parramon001
supramono
ramonmorales11
1234ramones
íramonay
ramones1977
ramona54
ramonica
ramonapal79
ramon08
ramones101
ramone0
veramonex
caramonmajerer
bramono
ramones666
ramones.
ramona30
ramonajustin1
ramone72
ramones2.
xtramone
ramonayira
ramona77
ramon12
ramon90
9957cramond
begoyramon
cristianramone
masramon
sanramon
caramon18
152ramon
ramona88
ramonia3
ramona5
ramon1118
pramono
ramona2008
ramone3
ramones
citramon
ramones4
Garamondae
ramon1964
ramona4
ramonzito
ramoni
ramonjacinto
ramona22
kramon
ramon321
82ramona85
ramona123
ramon121
miramonte
ramones138
pramone
garamond3
gramondo
ramones90
ramonien
ramon1112
0framones
ramonr
17ramonmamon
ramonluis
ramonarynn
gramon18
55ramon25
8ramones
ramonianos
villa12ramon
tramontane
ramonfelipe
ramonzinho11
ramon1
el12ramona
ramonasigeorge
!ramones
ramonaliza2010
5aramona
1ramona1
ramon99
ramonica5
cobramonky
baramona
ramon112
sramon98
faramontaos
tramontay
f1jcmiramon
ramon97
Garamond1
ramon5
ramones1111
ramona27
ramon576
ramon13
bearamondo
ramonette
ramonaramona
ramona78
73ramonxu
ramonte
ramona92
20ramones
ramonel
ramonajaimes
ramon27
00jcmiramon
ramones1
xtramoney78
ramonacurva
extramoney
ramones9
6800libramont
ramona25
pramonooo
2aramona
ramones007
harpodramon
garamond
ramones1234
machinedramon
ramona73
ramonm
zoharamonika
ramona48
ramon558
3268ramonaca
ramona220186
ramones83
ramona1
juliaramona
ramona58
alexsiramonyk
razorramone03
budipramono
ramon1969
caramon
ramona240486
magnadramon
lucasramon
ramoncin
takaramono
Extramon
ramona182
adipramono
ramona0403
caneramon
tramonti
ramonna76
ramonpeilo
ramon
ramones2005
joeyramone
ramon2002
ramonaf
ramona23
ramona26
Caramon6
tramonte
churamoni
ramonay8
ramonsito
Tramonto25
ramonake89
ramona2002
000001ramon
ramones1984
abcramon
ramonp
ramona18
ramond
ramoncito
4ramona2
ramon11
caramon1947
tramonto1324
ramondiaz
ramon01
12pointGaramond
Caramon1391
ramona79
6aramona103
laramona
04101523ramone
ramon77
ramonl
ramona12
ramona0815
3btramontana
ramonda45
ramonayoung
ramone
ramonr7
ramon25
ramone7477
ramoneur
perramon20
ramona007
ramones96
4aramoncin
stramonio14
tramone2
ramonlove##
ramon2
ramonahell79
paramon1
dramone
joeyramone31
garamond64
bramond
ramonnka
*ramon*
ramona1986
ramonocasla
ramonefelix
ramones!
4 ramones
2 ramoni
2 rosaramon
ramones
ramoni
rosaramon
      1 taramona3
      1 taramona2
      1 ramones87
      1 ramon19
      1 ramon1
      1 ramon.1
taramona3
taramona2
ramones87
ramon19
ramon1
ramon.1
ramones
ramone
ramona
caramon
tramonto
ramondetto
ramona12
ramona1
ramon12321
r0gramon
laramona
Pramonb7
9957cramond
4444ramona
      6 ramones
      2 ramone
      2 ramona
      2 caramon
      1 tramonto
      1 ramondetto
      1 ramona12
      1 ramona1
      1 ramon12321
      1 r0gramon
      1 laramona
      1 Pramonb7
      1 9957cramond
      1 4444ramona
ramones
ramone
ramona
caramon
tramonto
ramondetto
ramona12
ramona1
ramon12321
r0gramon
laramona
Pramonb7
9957cramond
4444ramona
      1 ramona
      1 ramon
ramona
ramon
ramona
ramona
ramona
ramones
ramona
ramones
ramon
ramona
ramones
ramon
ramona
ramones
ramon
ramona
ramones
ramon
ramone
ramon1
ramona
ramones
ramon
ramone
ramon1
ramona1
ramona
ramones
ramon
ramone
ramon1
ramona1
doramon
ramona
ramones
ramon
ramone
ramon1
ramona1
doramon
ramones1
ramoncito
juanramon
      1 ramone
ramone
ramones
ramona
ramone18
ramone
ramona5912
ramona35
ramon
drizztcaramon
Caramon6
alisandramonroe
aspramont
avaramon
avaramone
budhypramono
caramon
Chiaramonte
citramontana
citramontane
citramontani
citramontano
Cramond
garamond
giramondo
intramontabile
intramontabili
lenaramon
lenaramone
miramon
Miramon
Miramond
miramonte
oltramondano
oltramontana
oltramontane
oltramontani
oltramontano
Paramont
paramontura
paramonture
parramon
programontwikkeling
ramon
ramona
ramonaluv
ramonda
ramones
ramoneur
sanramon
Sanramon
sopramondana
sopramondane
sopramondani
sopramondano
sopramondi
sopramondo
stramoni
stramonio
Subramonian
tramont
tramonta
tramontai
tramontammo
tramontana
tramontando
tramontane
tramontano
tramontante
tramontare
tramontarono
tramontasse
tramontassero
tramontassi
tramontassimo
tramontaste
tramontasti
tramontata
tramontate
tramontati
tramontato
tramontava
tramontavamo
tramontavano
tramontavate
tramontavi
tramontavo
tramonter
tramontera
tramonterai
tramonteranno
tramonterebbe
tramonterebbero
tramonterei
tramonteremmo
tramonteremo
tramontereste
tramonteresti
tramonterete
tramontero
tramonti
tramontiamo
tramontiate
tramontino
tramonto
ultramondana
ultramondane
ultramondani
ultramondano
ultramontaan
ultramontaans
ultramontaanse
ultramontane
ultramontanisme
ultramontanismo
ultramontano
Veeramoney
ramona
ramones
ramones1
Libramont
Tramontana
Paramonova
Garamond
tramongeval
tramongeluk
ultramontaanse
Tramontane
Sacramone
ramon
tramontana
Chiaramonte
Troelstramonument
Sacramonte
tramontane
LibramontChevigny
Bramon
ultramontanisme
ultramontanen
Pramono
contramonster
ultramontaan
Tramont
Aramon
ultramontaans
operamonument
dramonderwerp
ultramontane
Nisramont
Gramont
Tramonto
miramondo
Stinzenfloramonitor
aramon
Pramongkit
intramontabile
Churamon
stramonium
tramonto
Chiaramonteblues
Mramonderzoek
tramongelukken
httpsidvicecomnltopicramonadeckers
bramonstrueerde
Daramon
Miramonti
Haramont
Cupramontana
Tramontano
ramoneur
Saramonowicz
Intramontabile
Pecharramon
Agramonte
Tramontanawind
ramones
Astramonte
ramone
Operamonumentenzorg
Casaramona
Sanframondi
Juramonster
extreemultramontaanse
Ahramonderzoekje
wwwkurzweilainetramona
LibramontTubeke
ramontoddsetarnetaw
Aramont
operamond
Gramona
ultramontaanzwart
ramons
Stramonium
ultramontanisten
garamond
bramont
ultramonotheïsme
Nitramonia
ultramonarchistisch
ramonahtml
tramondernemingen
kramonka
Veramonte
keizeramoniet
Garamont
ramonbeuk
AramonCerler
Ultramontes
supramondiale
Poramonova
tramontsporing
cameramongool
Garamonds
Tramongeluk
cameramonitoring
garamont
Chiaramonti
Tramonta
enneagramondersteunen
LibramontHoei
Karamonjongstam
enneagramondervindt
wwwfoiredelibramontcom
Karamonjong
Tramontanewind
ramonakoemargmailcom
wwwramonvallenl
ultramonotheïsten
Kalachakramonogram
Faramont
Garamondletters
Paramondi
Supramontebergketen
tramontyres
wwwtramontanabe
Ferramonti
TramontAna
operamonster
antiultramontaanse
tramonzin
LibramontWalcourt
Tramontin
ultramonarchaal
operamonumentenzorg
programonderhandelingen
LibramontAarlen
Tramonti
Perramon
Ultramontaan
sneltramongeluk
Bramont
contramonsters
garamondletters
amfepramon
ramona
ramon
ramon1234
ramon123
ramon01
ramon0425
ramon430
ramon91
ramona1
ramon16
ramon1
ramonnn1
ramones
ramon0203
ramon1986
pollramon15
ramona12
ramontho
ramon99
ramonmast2
ramona10
ramonbar
ramona27
ramona78251
ramona7825
ramon43
ramona19108855
ramonphilip1825
ramon538
ramona123
ramonfiesta123
ramonmast3
netwerkramon
17ramon
ramonster
ramone
ramona11
ramones1209
ramon512
paramon
megaramon
1varramon
ramonevers
ramon2000
ramon07
aliramon
ramona28
babtramona
ramondemir
aramon
ramons
ramon69
ramon09
inframono
ramona22
ramon2001
ramon1a
ramon1972
ramon-001
paparamon
ramona16
ramona111
ramon999
tramonte
tramontana
ramones1
ramonaelroy
ramon1977
desiramon
ramona01
ramon211293
Palphramond
ramona71
ramon25
ramona1982
ramona
ramon97
ramon5381
framon
cramond
ramonter123
ramonmaikel
ramon156
ramonshooter
ramonmeijs1
ramon0909
lieveramon
josramon
ramonislol
ramonee1
ramonbussing12
ramonbunt
ramonasarah
ramona781
ramona65
ramona08
ramon90
ramon3
ramon1110
ramones26
ramona2125
ramona1995
ramon3110
ramon1997
ramon1976
ramon1404
lieveramon99
ramonrijkse
ramonklaas
ramona1994
ramon1700
ramon1271999
ramon02
ramonski
ramonmast2.
ramonisa
ramone75
ramonaam
ramon75
ramonjuan
ramongroen95
ramones.
ramonaruijter19
ramon9551
ramon2009
ramon1995
barbaramon
tramonto
robnita06010alramon
ramoniwan
ramonhomo
ramonailona
ramonaeniris
ramona1978
ramona1717
ramon1971
ramon13373
jesseramon
dramont
ramonvanleeuwaarden
ramonie
ramones22
ramond
ramona78
ramona32
ramona2412
ramona1983
ramona1959
ramona085
ramon0207198
carmenramon
Bramon7071
1ramones
rickenramon
ramonthebest
ramonramon
ramona50
ramon951
ramon200304
ramon1998
ramon1993
ramon124
ramon0802
mozaramon
jangie_chramon.davis1
DramontF7
coberramona
saramona
ramonster1
ramonscheele
ramonrafael
ramonastigter
ramona99
ramona26
ramona1974
ramon5873
ramon4123
ramon2010
ramon196
ramon10
donramon25
ramonapeter
ramona97
ramona00
ramon1984
ramon1
nuramon123
nicoleramon404
joseramon
gramon1010
donramon
ramonoost12
ramonola
ramone44
ramona68
ramona1290
ramona03
ramon1981
ramon12
bobramon
27041994ramona
ramonschaaf
ramonrobben
ramon.robben
ramonda24
ramonbussing123
ramonaasantiago
ramona74
ramon48
ramon355
ramon1990
ramon05
ramonspace
ramonrijgersberg
ramono
ramonius78
ramones0
ramona1990
ramona1979
ramon.73
ramon30
ramon1606
ramon123
ramon06111962
ramon00
janetramonbai
garamond17
daramon1985
veramon
uramongoo1
taramon
roramono
ramonnie132
ramonaq
ramona29.
ramona14
ramona13
ramon9jordi12
ramon-70
ramon2dfm
ramon265
ramon2112
ramon2006
ramon1976
miramonti
Loveramon2304.
ilonaramona
giramondo
samantharamona
rramon91
ramonvissers
ramonville
ramonu2001
ramonthijssen
ramonster2009
ramonstella
ramonoviets
ramonmarian
ramoninca
ramonez
ramones123
ramond63
ramona89
ramona5
ramona25
ramona210natalliapolskaya
ramon91ramon91
ramon911
ramon88
ramon7
ramon3h1
ramon32
ramon1970
ramon1706
ramon111
ramon0100
Paularamona23
NuramonW
hondramon
2701ramon
ramontalboo
ramonsol
ramon
ramonkok1
ramon
ramona46
ramona21
ramona007
ramon96
ramon83
ramon66
78tramontana
tramonTaan12
sabramon
Rubenramon1
ramonvanhoof
ramonroek
ramonrijgersber
ramonnn
ramonl69
ramonfrank
ramonda
ramonbar123
ramona1963
ramona0906
ramon98
ramon91!
ramon72
ramon71
ramon55332
ramon444
ramon1968
ramon060801
ramon02071986
eramon70
bramon
andorramonaco
xxlramona
weber_ramona
tramonti
tramont
sylvie.ramont
seuqramonaiculpplucianomap1
sanramon7$
razorramon
ramon.waldburgertelirecoasd
ramon.waldburgerocerilet
ramon.waldburger111
ramonwaldburger
ramon.waldburger
ramon.waldburge
ramon.waldburg
ramon.waldb
ramon.van
ramonuhr
ramon.uhr
ramonster2009
ramonsmit
ramonshooter
ramonscheut
ramonsachse
ramonramon
ramonpaz
ramonoviets
ramonnn
ramonly
ramonlovekelly
ramonli
ramonkrass
ramonito19
ramonito
ramonil
ramonie0
ramonetje
ramones77
ramones4
ramones217
ramones_
ramonelisa
ramonek3581
ramondavidz9
ramon-d
ramonbonte
ramon+bjorn
ramona.weidenfelder
ramona.quosig
ramonaquosi
ramona.quosi
ramonakroneztilbrennoD
ramonakrone
ramonahoareau
ramonaa
ramona88
ramona79
ramona5805
ramona540
ramona5
ramona3151048
ramona3011
ramona27
ramona214
ramona1972
ramona1
ramona09
ramon98
ramon842
ramon555
ramon55332
ramon53
ramon491!
ramon444
ramon214
ramon2002
ramon2001
ramon_2
ramon1997
ramon1993
ramon14
ramon1312qwe
ramon1312321
ramon131
ramon13
ramon0909
ramon082213
ramon0810
ramon001
ramon-001
ramon0
paramon15
nevohnomarallaramon03
m.tramoni
mr.ramon
malouramon
lydiecosteramon
lydie.costeramon
leafarmobramon1312asd
leafarmobramon13122131nomar
laramonhoven433530
laramonhoven111
laramonhoven035334asd
laramonhoven035334433530
laramonhoven
laramonhove
laramonhov
laramon
killdramon
Keramond07
jwzramon92
Juliaramon
juan_ramon_s
jeko75giramondoodnomarig
jeko75giramondoasd
hondramon
gramontq
gramont1
gramont0
gramont
gramon19
gramon1010
giramondoqwe
giramondo321
giramond
giramon
framondy1
fischer_ramona
fischer_ramon
Ferramonte
evonramon
diaz.ramon
dawid.karamon
clement.ramondtnemelc
clementramondclementtnemelc
clement.ramondclementasd
clement.ramond111
clementramond
clement.ramond
clement.ramon
caramon
bomrafaelleaframon
beramonique
beramoniqu
beefme5yahoocomramoneda09
aramonq
aramon30123
aliramon
alexandramongellaz
agramon
89ramon1312
89giramondo
789ramona
1varramon
075ramon
ramonus00
ramonscheut
ramonly
ramonetje
ramon+bjorn
ramonaouwens
ramonaelf26
ramona79
ramona2
ramona12landser
ramon842
ramon80
ramon555
ramon53
ramon445!
ramon0810
evonramon
789ramona
075ramon
scott_ramone
sarahramone_rules
rosemaryramon
ramonwakelkamp
ramonto1
ramontjuh13
ramonq
ramonnn1d
ramonnn117
ramonnn1123
ramonnn11
ramonnetje14
ramonmol
ramonmast21
ramonkrijnen10
ramon_janssen123
ramon_janssen
ramon_jansse
ramonick
ramonica
ramongielenziggonlramon0203
ramongielen
ramones_fanatic_stattus
ramondude13
ramon-dobmaq
ramondobma
ramon-dobma
ramon-dobm
ramondo149
ramon_carlos14
ramonb
ramonayi
ramonasgirlfriend
ramonasa
ramonajk
ramonadd
ramona9
ramona79tamara
ramona7815
ramona41
ramona2008
ramona10jokelly5683
ramon95weezer
ramon38
ramon24071
ramon1969
ramon1775
ramon163
ramon101202
ramon07
ramon034
ramon01777
ramon010
qramon-dobma
pereiramonteiro
paramonovsa
paramonova-raisa
paramonov48
paramon-199729
nyah_ramona666
longlivetheramones
Ferramonte48
eframontoya
DramontF8
dramon
brandramon
bramonne
aramonay
antoniomiramontes
Aliramon
79ramon
3locramonsito
1908ramon
11ramon-dobma
tramonte
samantharamona
sabramon
ramonvissers
ramonville
ramonstella
ramonschaaf
ramonoramono
ramonoramo
ramono
ramonmarian
ramoninca
ramon-h
ramonfrank
ramonez
ramones
ramond63
ramona99
ramona781RAMONA781
ramona781187anomar
ramona78
ramona50
ramona1979
ramona12
ramona10
ramona01
ramon90
ramon83
ramon8
ramon75
ramon72
ramon71
ramon7
ramon32
ramon3
ramon29
ramon25
ramon2000
ramon1986D
ramon1977
ramon1970
ramon1968
ramon130986
ramon129
ramon06111962
ramon03206
ramon02071986
ramon01
ramon001
qahramon
paramonts
paramonov
netwerkramon
eramon70
donramon
bramonne
bobramon
amandaenramon
      1 iloveramon
iloveramon
bmiramon:beatriz2020
bmiramon:beatriz2020
rvaldes:ramon.1960
aramon:promesa.20
jramon:rrd011197
jramon:rrd011197
pramon:Autocas54
ramon.garriga@eurofrits.es:garriga6655
ramon:rmenor
setiyo.pramono:Cgk001
subramoniamk:VIVM-SSL-VPN
usuband:Tramonto2024
yvviramontes@cjf.gob.mx:Tribunal1
lmmiramontes@cjf.gob.mx:Juzgado2020
ejramon@cjf.gob.mx:Juzgado2020
amiramontes@cjf.gob.mx:Miva2020
armiramontes@cjf.gob.mx:Armh1988
Aramon:Argo#2019
dramon:Prueba$4
jramon:camiper2020
ramona.sandu:Ramona@2020
christiantour\ramona.dumitru:R@mon@2020
rvaldes:ramon.1960
aramon:promesa.20
ramon.garriga@eurofrits.es:garriga6655mgiorgetti:KDdpH2QJ
ramon:rmenorambar:ambar01tsic:TsicBcj103Dtecnica:c1c2018
setiyo.pramono:Cgk001
yvviramontes@cjf.gob.mx:Tribunal1
lmmiramontes@cjf.gob.mx:Juzgado2020
ejramon@cjf.gob.mx:Juzgado2020
amiramontes@cjf.gob.mx:Miva2020
evelarde:GerGra638soporte:On31t2017total.sec:q6Gd?7=BAramon:Argo#2019maxcom:socmaxcom2012Siscoss:B-M-s12ss44
dramon:Prueba$4nacimentol:nl.12345$
rvaldes:ramon.1960
aramon:promesa.20
jsantamaria:Grupo_VPN_MADjramon:rrd011197aboekelman:123456789
jramon:rrd011197
pramon:Autocas54
ramon.garriga@eurofrits.es:garriga6655
ramon:rmenor
setiyo.pramono:Cgk001
matteo:matteonatalia:2019!Milanousuband:Tramonto2024backoffice1:Tekno2019@viatek:v14t3ktributi1:tributi574
dramon:Prueba$4jsotelo:js.12345$agencia1:agencia1$
jramon:camiper2020
ramona.sandu:Ramona@2020
jramon:rrd011197
jramon:rrd011197
pramon:Autocas54
ramon.garriga@eurofrits.es:garriga6655
ramon:rmenor
setiyo.pramono:Cgk001
subramoniamk:VIVM-SSL-VPN
usuband:Tramonto2024
yvviramontes@cjf.gob.mx:Tribunal1
lmmiramontes@cjf.gob.mx:Juzgado2020
ejramon@cjf.gob.mx:Juzgado2020
amiramontes@cjf.gob.mx:Miva2020
armiramontes@cjf.gob.mx:Armh1988
0.245:dmorenosoporte:On31t2017Corina.Silva:acceso.2017total.sec:q6Gd?7=BAramon:Argo#2019
dramon:Prueba$4nacimentol:nl.12345$
jramon:camiper2020
ramona.sandu:Ramona@2020
christiantour\ramona.dumitru:R@mon@2020
aramon:promesa.20
REA-01:VPNREACorina.Silva:acceso.2017total.sec:q6Gd?7=BAramon:Argo#2019
subramoniamk:VIVM-SSL-VPN
usuband:Tramonto2024
yvviramontes@cjf.gob.mx:Tribunal1
lmmiramontes@cjf.gob.mx:Juzgado2020
ejramon@cjf.gob.mx:Juzgado2020
amiramontes@cjf.gob.mx:Miva2020
armiramontes@cjf.gob.mx:Armh1988
0.245:dmorenosoporte:On31t2017Corina.Silva:acceso.2017total.sec:q6Gd?7=BAramon:Argo#2019
ramona.sandu:Ramona@2020
christiantour\ramona.dumitru:R@mon@2020
C5:C5Indramonclova1:c4j4
aramon:promesa.20
subramoniamk:VIVM-SSL-VPN
yvviramontes@cjf.gob.mx:Tribunal1
lmmiramontes@cjf.gob.mx:Juzgado2020
ejramon@cjf.gob.mx:Juzgado2020
amiramontes@cjf.gob.mx:Miva2020
armiramontes@cjf.gob.mx:Armh1988
C5:C5Indramonclova1:c4j4
ramona.sandu:Ramona@2020
christiantour\ramona.dumitru:R@mon@2020
ramona.conoro@sysaid.com:@lph@RC00010855b:Admpass08!
ramona.conoro@sysaid.com:@lph@RCpmendoza:Premier500
ramona.conoro@sysaid.com:@lph@RCfhernandez2:ZxCvBn!@12#$34asmith:snarls#27
ramona.conoro@sysaid.com:@lph@RC00010855b:Admpass08!
ramona.conoro@sysaid.com:@lph@RCpmendoza:Premier500
ramona.conoro@sysaid.com:@lph@RCfhernandez2:ZxCvBn!@12#$34asmith:snarls#27
amiramontes@cjf.gob.mx:Miva2020
Aramon:Argo#2019
aramon:promesa.20
armiramontes@cjf.gob.mx:Armh1988
bmiramon:beatriz2020
christiantour\ramona.dumitru:R@mon@2020
dramon:Prueba$4
ejramon@cjf.gob.mx:Juzgado2020
jramon:camiper2020
jramon:rrd011197
lmmiramontes@cjf.gob.mx:Juzgado2020
pramon:Autocas54
ramon.garriga@eurofrits.es:garriga6655
ramon:rmenor
ramona.sandu:Ramona@2020
rvaldes:ramon.1960
setiyo.pramono:Cgk001
subramoniamk:VIVM-SSL-VPN
usuband:Tramonto2024
yvviramontes@cjf.gob.mx:Tribunal1
ramon.1960
Tramonto2024
amiramontes
Aramon
aramon
armiramontes
bmiramon
christiantour\ramona.dumitru
dramon
ejramon
jramon
lmmiramontes
pramon
ramon
ramon.garriga
ramona.sandu
setiyo.pramono
subramoniamk
yvviramontes
 105 ramon
  28 ramona
  16 ramonita
   1 ramones
   1 ramon01
   1 paramon
ramon
ramona
ramonita
ramones
ramon01
paramon
ramon
ramona
ramonita
ramones
ramon01
paramon
ramona57
horacioramon28
fabioramon
ramona
ramones
ramon
ramones1
ramon123
ramone
ramon1
caramon
ramona1
ramona
ramones
ramona
ramones
ramon
ramones1
ramon123
ramone
ramon1
caramon
ramona1
tramonto
paramon
ramona123
tramontana
joseramon
ramones123
ramoncito
ramona12
theramones
ramones77
ramona1969
ramon12
ramones1234
sanramon
ramona01
ramons
ramone1
ramona11
doramon
juanramon
ramones12
ramonica
ramona22
ramonramon
ramona24
123ramon
donramon
ramon1234
ramones2
ramond
ramona13
aramon
ramon12345
takaramono
caramon1
ramona21
ramona23
ramon2
ramona10
ramones00
garamond
ramona88
ramonito
pramono
joeyramone
giramondo
ramona07
ramoni
ramonita
ramon01
extramoney
miramontes
flamedramon
miramonte
paramonov
ramon11
ramones4
ramon10
ramones11
ramones7
ramona69
tramontina
ramones13
ramon1999
cramond
dramon
ramon007
ramones01
ramona79
paramonova
ramona77
ramona2
ramonet
ramon13
ramon69
ramona87
ramonn
ramon22
ramona85
ramones22
seadramon
tramonti
ramones10
ramonsito
ramon5
ramona1234
razorramon
ramon157
ramon1990
ramon7
ramones76
ramon16
ramoneur
ramon1993
ramon23
ramona92
ramonb
paramonga
ramon2010
ramon3
ramones3
ramona14
ramona83
ramones1992
tramonto1
ramona20
ramoncin
joseramon1
ramon123456789
ramon2008
ramona86
ramon06
ramon21
ramones87
imperialdramon
ramona1972
ramona66
ramona89
ramonr
Caramon
agramon
ramonchito
ramones101
ramones21
ramones88
ramonet-cr
ramona28
ramones8
iloveramon
ramon14
ramon99
ramona18
ramonesmania
tramontane
deramon131
ramon18
ramona7
ramone12
ramone69
ramones5
ramones666
caramon5
ramona90
ramone01
karamon
nuramon
ramon15
ramon2000
ramon24
ramona16
ramona76
ramonas
tramont
miramont
paramon135
ramon111
ramon1992
ramona00
ramona75
ramona8399
ramones0
ramones74
ramones9
ramonida
saramon
ramon159
ramon666
ramona09
ramona99
losramones
ramon09
ramon143
ramon1995
ramon36
ramonjr
ramon1986
ramon25
ramones1976
ramonvlc
tramontana1
Caramon1
caramono
paramon28
paramonov113
ramon1996
ramon2009
ramona19
ramona91
ramone13
ramone22
ramones23
tramon
caramon7
meramon
paildramon
ramon001
ramon1989
ramon8
ramona17
ramona1984
ramona3
ramona30
ramona44
ramonaa
ramono
ramonpogi
ramony
caramon01
ramona26
ramona27
ramond1
ramones20
ramones82
ramones86
ramoness
1ramon
ramon100
ramon17
ramon321
ramon4
ramona02
ramona666
ramone1969
ramone74
ramonmast2
megadramon
ramon98
ramone123
ramones182
uramon55
1ramones
caramon2
ramon123456
ramon1994
ramon2011
ramon31
ramon357
ramon95
ramona15
ramona43
ramona5
ramona81
ramone15
ramone2
ramones99
ramong
maramon
ramon05
ramon2001
ramon77300
ramona62
ramona84
ramone25
ramoned
ramones6
ramonez
soramon
viramontes
fladramon
ramon03
ramon1980
ramon55
ramon6
ramon88
ramona2000
ramona25
ramonaC1
ramonc
ramonel
ramones27
ramonteamo
ramonvega
sanramon1
veramonica
pramono1
ramon1985
ramon33
ramon78
ramona1986
ramona33
ramona8
ramonage
ramonaramona
ramone3
ramone5
ramones69
theramones1
garamonde
jramon
libramont
luisramon
ramon1998
ramon2002
ramon2003
ramona05
ramona1501
ramona1979
ramona1980
ramona80
ramonamea
ramone11
ramone21
ramone33
ramone77
ramonica1
ramoniwe
ramonville
saramona
taramon
Tramonto1
magnadramon
paramon111
qahramon
ramon0
ramon64
ramon86
ramon87
ramon90
ramona1967
ramona32
ramonda
ramonela
ramones83
ramonikutza
ramonv
ramonxulo1
192305ramon
1ramona
laramona
nuramon1
phramone
ramon08
ramon19
ramon3s
ramon777
ramona1976
ramona61
ramoncarlo20
ramond123
ramone99
ramones14
ramonik
ramonzinho
4ramones
Caramon1391
caramon11
caramon123
leonramon
r0gramon
raidramon
ramon0412
ramon1967
ramon234
ramon77
ramon83
ramona1983
ramona1993
ramona321
ramoncho
ramonchu
ramondo
ramones36
ramones55
ramonf
ramonka
staramon5
stramonium
tramontano
Nuramon1
adaramon10
agramonte
magnadramon1
mangramon
niramon
pmiramontes1
ramon1974
ramon1984
ramon20
ramon2012
ramon9
ramon94
ramon98702863
ramona12345
ramona4
ramona67
ramona777
ramona82
ramona97
ramonero
ramones.
ramones1977
ramones91
ramonio94
1234ramon
1234ramones
bramont1
ceramon7
cramon
donramon1
juanramon1
monodramon
paramonfeus
paramonowa84
paramont
ramon04
ramon0425
ramon110
ramon150
ramon152
ramon1976
ramon2004
ramon2005
ramon260793
ramon45
ramon4ever
ramon6821
ramon7569405
ramon789
ramon97
ramona0815
ramona1995
ramona59
ramona63
ramona70
ramona714
ramona98
ramonal
ramonas1
ramoncita
ramoncito1
ramones79
ramonet1
ramonp
ramonramon1
ramont
rrramon
tramonta
veedramon
diegoramon
framon
garamond1
iluvramon
loveramon
miramon
paramon1
paramon21
ramon03206
ramon12rj
ramon1991
ramon2007
ramon205
ramon27
ramon34
ramon555
ramon85
ramon999
ramona03
ramona1212
ramona1989
ramona2010
ramona29
ramona34
ramona40
ramona45
ramona72
ramona78
ramone09
ramone10
ramones321
ramonespunk
ramonin00
ramonito22
ramonjose
ramonpardo
ramonster
vedramon
Flamedramon
Kimeramon
avrilramona
caramon0
chiaramonte
garamonte
kahramon
kimeramon
machinedramon
neramonell1
ramon101
ramon102030
ramon1979
ramon26
ramon30
ramon5873
ramona06
ramona08
ramona1982
ramona1990
ramona1994
ramona2016
ramona6
ramona74
ramona_1234
ramonaflowers
ramonaq
ramond23
ramone00
ramone68
ramones80
ramones999
ramonesrule
ramonete
ramonette
ramonm
ramontalita
ramonyeara
tramond
123ramon123
Miramontes
Tramonto
citramon
elramon
fernando1alejandra2ramon3
garamon
gramon
joseramon18
mrsramones1
paramon2006
paramon6
ramon1230
ramon1973
ramon420
ramon855
ramon911
ramona.
ramona112
ramona1987
ramona1992
ramona291
ramona56
ramona73
ramonalduey
ramonchito1
ramond34
ramone1234
ramone76
ramonelu
ramones198
ramones33
ramones54
ramones75
ramones78
ramones89
ramones90
ramonika
ramonleusx1
ramonlovea1
ramonti
ramonw
ramonzinho221
toni_ramon_bisbal
tramone
tramontano01
tramontina71311
123ramones
Garamonovvv
Paramon
caramonte
dramone
eferramon
eferramon1
eramon
garramone
joseramon2
masiramon
noramonaghan
paramonovka1
putoramon
ramon0013
ramon07
ramon12332100
ramon1997
ramon2013
ramon2611
ramon3498
ramon39
ramon75
ramon92
ramon_less
ramona04
ramona1974
ramona1977
ramona1998
ramona54
ramona55
ramona93
ramona94
ramonag
ramondiaz
ramone23
ramone4
ramones!
ramones007
ramones16
ramones19
ramones1973
ramones66
ramoneta
ramonia
ramonica25
ramonin1
ramonne
ramonperez
ramontubo1
ramonybeto123456
shiramon1
123ramona
15tramonto75
6708ramon
687ramonesmania
Garamond
Nuramon
Paramon1
Tramonto86
caramon676
cramond1
foramon
gertinefdferamon
juramona1479
miramontes@
paramon2012
paramonova12
pheramon1
ramon001ramon001
ramon012
ramon02
ramon1002
ramon147258
ramon1959
ramon1982
ramon346
ramon456
ramon51
ramon71
ramona100
ramona1975
ramona1988
ramona1996
ramona300
ramona68
ramona95
ramona96
ramonaemilia1902
ramonalove
ramoncampos
ramond1991
ramonda8
ramondekkers
ramone7
ramoneda
ramones09
ramones84
ramoney
ramonh
ramonlucas
ramonluis
ramonmeijs1
ramonna
ramonnodad
ramonz
razorramone03
rdramon4
rramonvaldez
seramon
sirramon1
victoramon47
123456ramon7890
414123ramon
Joeyramone1
Tramontana
agramon09
anfepramona
aramoni
avrilramonalavigne
bramont
caramon04
caramon1979
caramon34
caramon619
denisa123ramon
dinopramono1977
dramont
godramon
imperialdramon1
karamonmajere
lauramonbb
paramonov93
ramon00
ramon020596
ramon121083
ramon1234pr
ramon15-06
ramon1883
ramon2006
ramon28
ramon29
ramon3450
ramon3656128
ramon466wss
ramon510
ramon76
ramon87861330
ramon9638527410
ramona2003
ramona769509
ramona999
ramonabodi1
ramonada
ramone147
ramone199
ramone30
ramones08
ramones1001
ramones138
ramones15
ramones1731
ramones1961
ramones1974
ramones73
ramonlovea
ramonmartinez1
ramonq
ramonrweb0
ramonslz1
ramonz23
skyramon007
takaramono1
tramonte
zaramon
01ramones
086154ramones
2151437ramone
23ramonss
976431ramon
Caramon666
Cramond25
Doramon782
Flamedramon12
darkdramon
deedeeramone
deisyramona3228804
deliaagramon_1
deramon
donramon12
dramon123
ericramon
feramon
flamedramon60
framont
garamond1000
gramone
gramont
hadipramono2
ichibannotakaramono
jramone
miramonti
paramonov150673
parramon
ramon06021998
ramon1009
ramon1010
ramon1203
ramon130
ramon130801
ramon1542603
ramon155
ramon1968
ramon1987
ramon23dno123
ramon261096
ramon300
ramon312
ramon426
ramon56jadd
ramon58
ramon73
ramon80
ramon93
ramona101
ramona1973
ramona1r
ramona2011
ramona213
ramona23082007
ramona418
ramona71
ramona7825
ramonahs91
ramonaku
ramonas2
ramonas80
ramonati
ramonbalot1
ramoncete
ramonchi
ramoncina
ramoncito25
ramondetta
ramones12341
ramones12345
ramones14901016
ramones286771
ramones777
ramonica2
ramonici
ramonix
ramonl080
ramonlima
ramonpc2a
ramonpenna456
ramonramos
ramonsito0
rramon
sanramon2525
sanramon69
sirramon
supramont
theramones00
theramones13
theramones45
tramontan3a
uramonkey1
weramon
weteramon1
4937ramon
5ramones
9ramones
Imperialdramon
Paramonov1
bramon
caramon12
caramon21
caramon666
cramondo
donramon123
doramon0962
doramon1
feramon1987
gumdramon
jefframon09
lauramon
limaramon
lucasramon
miramonte1966
niramon15
paramon23
paramonova76
pramon
ramon-maria-maite
ramon.
ramon0203
ramon1111
ramon111213
ramon1212
ramon1955
ramon1971
ramon1988
ramon211293
ramon2911
ramon32
ramon53
ramon54
ramon81
ramon91
ramona007
ramona1901
ramona1985
ramona1991
ramona2002
ramona2008
ramona2012
ramona266
ramona31081955
ramona38
ramonah
ramonaka
ramonam
ramonaquimby
ramonasp
ramonatuna
ramonching
ramond2
ramondo1
ramone2000
ramone79
ramones0123
ramones121
ramones128
ramones1980
ramones1984
ramones31
ramones562
ramones63
ramones7480
ramones92
ramones_xbox360
ramongarciano0
ramonis
ramonllull
ramonmagsa
ramonramon2
ramonrocha123-
ramonromero
ramonsimon
ramontxu
rramonbeker
sakuramono
sanramon2008
sherkahramon1982
soareramona
theramones123
tramones
tramonto777
tramontone
viniegramonster
12345ramon
1234ramona
1998ramona2014
20137536ramon
2ramona
Aramon
Paramon322115946
Tramonto12
aerovdramon
aramonas
aramonik
aramonn22
avrilramon
baboyramon
bigramon
caramon25
caramon81
caramono2009
carlosramon30
cramonan
cupramontana
deadramones
djramon79
dramony
dramony2me
estramonio
garamont
gervyramon
gumdramon123
horacioramon28
joseramon3
lilramon12
mateoramon69
mattramone
moramoniseika2
nitramonia
nohonoramong
noramon
orkramon
paramon1181
paramon122
paramon139123
paramon19
paramon1969
picturamoney1
pramonosafire6
ramon._07
ramon0411
ramon1819
ramon1950
ramon1951
ramon1975
ramon2020
ramon220204
ramon2317
ramon242
ramon333
ramon345
ramon400
ramon415
ramon43
ramon49
ramon5353
ramon6285951202
ramon787
ramon9001
ramon909
ramon93100
ramona040987
ramona127
ramona133
ramona143
ramona1981
ramona2004
ramona2005
ramona2009
ramona2013
ramona41
ramona48
ramona65
ramonaaa
ramonaelena
ramonaghe23
ramonal123
ramonana4273
ramonatuna1
ramonayala
ramonb67
ramoncv
ramond0619
ramondy
ramone18
ramone32
ramone71
ramoneau
ramones197
ramones1983
ramones1990
ramones26
ramones325
ramones44
ramones45
ramones48120
ramones5353
ramones68
ramones714
ramones96
ramonesa
ramonesgirl
ramongueta
ramoni123
ramonians
ramonita53
ramonjacob
ramonlopez
ramonlove
ramonortiz
ramonrules
ramonsean
ramonski
ramonvalcast
rjramon
sanramon92
scottandramona
sierramont
slayerdramon
supramonte
taramona
theramones12A
tramontana8081
tramonti360
tramonto89
ultramon
xtramoney
xxramon
041990msramona
044ramon
ramona
ramones
ramon
ramones1
ramon123
ramone
ramon1
caramon
ramona1
tramonto
paramon
ramona123
tramontana
joseramon
ramones123
ramoncito
ramona12
theramones
ramones77
ramona1969
ramon12
ramones1234
sanramon
ramona01
ramons
ramone1
ramona11
doramon
juanramon
ramones12
ramonica
ramona22
ramonramon
ramona24
123ramon
donramon
ramon1234
ramones2
ramond
ramona13
aramon
ramon12345
takaramono
caramon1
ramona21
ramona23
ramon2
ramona10
ramones00
garamond
ramona88
ramonito
pramono
joeyramone
giramondo
ramona07
ramoni
ramonita
ramon01
extramoney
miramontes
flamedramon
miramonte
paramonov
ramon11
ramones4
ramon10
ramones11
ramones7
ramona69
tramontina
ramones13
ramon1999
cramond
dramon
ramon007
ramones01
ramona79
paramonova
ramona77
ramona2
ramonet
ramon13
ramon69
ramona87
ramonn
ramon22
ramona85
ramones22
seadramon
tramonti
ramones10
ramonsito
ramon5
ramona1234
razorramon
ramon157
ramon1990
ramon7
ramones76
ramon16
ramoneur
ramon1993
ramon23
ramona92
ramonb
paramonga
ramon2010
ramon3
ramones3
ramona14
ramona83
ramones1992
tramonto1
donramon
ramona90
ramon3
toramona
taramonty
ramonet
ramone1
r0gramon
8cramona61
jesusramon
ramonesmios
ramonik
joseramon
joseramon93
Caramon7
ramona96
parramon001
supramono
ramonmorales11
1234ramones
íramonay
ramones1977
ramona54
ramonica
ramonapal79
ramon08
ramones101
ramone0
veramonex
caramonmajerer
bramono
ramones666
ramones.
ramona30
ramonajustin1
ramone72
ramones2.
xtramone
ramonayira
ramona77
ramon12
ramon90
9957cramond
begoyramon
cristianramone
masramon
sanramon
caramon18
152ramon
ramona88
ramonia3
ramona5
ramon1118
pramono
ramona2008
ramone3
ramones
citramon
ramones4
Garamondae
ramon1964
ramona4
ramonzito
ramoni
ramonjacinto
ramona22
kramon
ramon321
82ramona85
ramona123
ramon121
miramonte
ramones138
pramone
garamond3
gramondo
ramones90
ramonien
ramon1112
0framones
ramonr
17ramonmamon
ramonluis
ramonarynn
gramon18
55ramon25
8ramones
ramonianos
villa12ramon
tramontane
ramonfelipe
ramonzinho11
ramon1
el12ramona
ramonasigeorge
!ramones
ramonaliza2010
5aramona
1ramona1
ramon99
ramonica5
cobramonky
baramona
ramon112
sramon98
faramontaos
tramontay
f1jcmiramon
ramon97
Garamond1
ramon5
ramones1111
ramona27
ramon576
ramon13
bearamondo
ramonette
ramonaramona
ramona78
73ramonxu
ramonte
ramona92
20ramones
ramonel
ramonajaimes
ramon27
00jcmiramon
ramones1
xtramoney78
ramonacurva
extramoney
ramones9
6800libramont
ramona25
pramonooo
2aramona
ramones007
harpodramon
garamond
ramones1234
machinedramon
ramona73
ramonm
zoharamonika
ramona48
ramon558
3268ramonaca
ramona220186
ramones83
ramona1
juliaramona
ramona58
alexsiramonyk
razorramone03
budipramono
ramon1969
caramon
ramona240486
magnadramon
lucasramon
ramoncin
takaramono
Extramon
ramona182
adipramono
ramona0403
caneramon
tramonti
ramonna76
ramonpeilo
ramon
ramones2005
joeyramone
ramon2002
ramonaf
ramona23
ramona26
Caramon6
tramonte
churamoni
ramonay8
ramonsito
Tramonto25
ramonake89
ramona2002
000001ramon
ramones1984
abcramon
ramonp
ramona18
ramond
ramoncito
4ramona2
ramon11
caramon1947
tramonto1324
ramondiaz
ramon01
12pointGaramond
Caramon1391
ramona79
6aramona103
laramona
04101523ramone
ramon77
ramonl
ramona12
ramona0815
3btramontana
ramonda45
ramonayoung
ramone
ramonr7
ramon25
ramone7477
ramoneur
perramon20
ramona007
ramones96
4aramoncin
stramonio14
tramone2
ramonlove##
ramon2
ramonahell79
paramon1
dramone
joeyramone31
garamond64
bramond
ramonnka
*ramon*
ramona1986
ramonocasla
ramonefelix
ramones!
paramon
ramon
ramon01
ramona
ramones
ramonraf
zaramon
4 ramones
2 ramoni
2 rosaramon
ramones
ramoni
rosaramon
      1 taramona3
      1 taramona2
      1 ramones87
      1 ramon19
      1 ramon1
      1 ramon.1
taramona3
taramona2
ramones87
ramon19
ramon1
ramon.1
ultramontane
citramontane
inframontane
intramontane
misotramontanism
stramonies
stramonium
stramony
tramontane
ultramontanism
ultramontanist
Garamond
ramona
ramonage
ramonaient
ramonais
ramonait
ramonant
ramone
ramone'
ramon
ramone'e
ramone
ramone'es
ramones
ramonent
ramoner
ramonera
ramonerai
ramoneraient
ramonerais
ramonerait
ramoneras
ramone`rent
ramonrent
ramonerez
ramoneriez
ramonerions
ramonerons
ramoneront
ramones
ramone's
ramons
ramoneur
ramoneurs
ramonez
ramoniez
ramonions
ramonons
ramons
tramons
tramontanes
tramont
tramonta
tramontai
tramontana
tramontano
tramontare
tramontata
tramontate
tramontati
tramontato
tramontava
tramontavi
tramontavo
tramonter
tramontera`
tramontero`
tramonti
tramontino
tramonto
tramonto`
garamond
ramon
tramontanas
Gramont
Miramonte
programontwikkeling
ultramontaan
ultramontaans
ultramontaanse
ultramontanisme
abramon
kairamon
oopperamonttu
oramon
ramonan
ramonekset
ramoneseja
ramonesien
ramonin
rauramon
programon
aramono
baramon
garamono
karamono
uramon
agramonte`s
agramontesa
bramona
citramontana
citramontano
estramonio
ramonear
ramoneo
tramontar
ultramontana
ultramontanismo
ultramontano
ramonas
ultramontanen
chiaramonte
citramontani
giramondo
intramontabile
intramontabili
oltramondano
oltramontana
oltramontane
oltramontani
oltramontano
paramontura
paramonture
ramoncito
ramond
ramondo
sopramondana
sopramondane
sopramondani
sopramondano
sopramondi
sopramondo
stramoni
stramonio
tramontammo
tramontando
tramontante
tramontarono
tramontasse
tramontassero
tramontassi
tramontassimo
tramontaste
tramontasti
tramontavamo
tramontavano
tramontavate
tramontera
tramonterai
tramonteranno
tramonterebbe
tramonterebbero
tramonterei
tramonteremmo
tramonteremo
tramontereste
tramonteresti
tramonterete
tramontero
tramontiamo
tramontiate
ultramondana
ultramondane
ultramondani
ultramondano
agaramond
aspramont
bramond
caramon
claramont
claramonte
cramond
eramon
ferramonti
fioramonti
garamon
paramon
paramonga
pharamond
pramono
ramonag
ramonda
ramondt
ramonerre
ramonville
sanramon
scramond
teramond
tramontina
viramontes
garamon's
ramon's
ramones
ramone
ramona
caramon
tramonto
ramondetto
ramona12
ramona1
ramon12321
r0gramon
laramona
Pramonb7
9957cramond
4444ramona
      6 ramones
      2 ramone
      2 ramona
      2 caramon
      1 tramonto
      1 ramondetto
      1 ramona12
      1 ramona1
      1 ramon12321
      1 r0gramon
      1 laramona
      1 Pramonb7
      1 9957cramond
      1 4444ramona
ramones
ramone
ramona
caramon
tramonto
ramondetto
ramona12
ramona1
ramon12321
r0gramon
laramona
Pramonb7
9957cramond
4444ramona
      1 ramona
      1 ramon
ramona
ramon
ramona
ramones
ramon
ramones
ramona
ramon
ramon1
ramona
ramona
ramona
ramones
ramona
ramones
ramon
ramona
ramones
ramon
ramona
ramones
ramon
ramona
ramones
ramon
ramone
ramon1
ramona
ramones
ramon
ramone
ramon1
ramona1
ramona
ramones
ramon
ramone
ramon1
ramona1
doramon
ramona
ramones
ramon
ramone
ramon1
ramona1
doramon
ramones1
ramoncito
juanramon
ramona
ramones
ramon
ramone
ramon1
ramona1
doramon
ramones1
ramoncito
juanramon
joseramon
ramonik
ramonica
sanramon
ramonita
ramone1
ramond
ramons
theramones
ramonel
ramonika
ramon123
ramon13
ramon5
ramon01
ramon7
ramon14
ramon12
ramonito
ramon3
paramonga
donramon
ramon2
miramontes
ramonici
ramona123
ramon26
ramon23
pramono
iloveramon
ramonteamo
ramonjr
ramoncita
ramon17
ramon06
jramon
tramon
ramonv
ramonsito
ramona7
ramon25
cramond
ramonia
ramon8
ramon69
ramon18
ramon16
ramon11
niramon
luisramon
joeyramone
agramonte
tramonto
teamoramon
ramont
ramona13
ramon22
ramon21
ramon15
ramonramirez
ramonj
ramones123
ramonela
ramonayala
ramona23
ramona2
ramon4
ramon20
ramon19
ramon10
ramon05
ramon.
ramonp
ramonmorales
ramonm
ramonluis
ramong
ramones2
ramones1234
ramones!
ramonda
ramonas
ramonantonio
ramonal
ramona8
ramona3
ramona25
ramona22
ramona17
ramon9
ramon6
ramon53
ramon31
ramon24
ramon143
ramon09
ramon03
loveramon
garamond
caramon
1ramon
tramone
taramona
ramony
ramonramon
ramonr
ramonn
ramonko
ramones13
ramones.
ramoncarlo
ramonaa
ramona9
ramona88
ramona6
ramona5
ramona4
ramona19
ramona18
ramona05
ramona01
ramon99
ramon82
ramon32
ramon28
ramon27
ramon02
losramones
dramon
Pramono
viramontes
veramonica
sanramon1
rramon
razorramon
ramonz
ramonyk
ramontamo
ramons1
ramonrosa
ramonna
ramonlove
ramonl
ramonida
ramoni
ramonez
ramonette
ramones92
ramones78
ramones77
ramones74
ramones666
ramones5
ramones32
ramones17
ramones101
ramonemilio
ramonelu
ramondo
ramond1
ramoncito1
ramonchito
ramonc
ramonaandreea
ramona92
ramona87
ramona50
ramona28
ramona24
ramona16
ramona12
ramona11
ramona10
ramon91
ramon809
ramon51
ramon44
ramon100
ramon00
ninoramon
miramonte
miramon
labramonte
joseramon1
jesusramon
iluvramon
flamedramon
cramon
baderamony
avrilramona
agramon
Doramon
1ramones
1ramona
victorramon
usherramond
uramong
ultramon
tramontina
tramonti
tramontana
tramont1
tramont
tramonica
tramond
tramon1
tomeramon
teoramon
tatayramon
sofiaramona
saramonica
sanramon07
rosaramon
ricardoramon
ramonyrosa
ramonypaola
ramonyka
ramonyjuly
ramonx
ramonw
ramonutza
ramontkm
ramonsita
ramonsbaby
ramonrl11
ramonrey
ramonperez
ramonmanuel
ramonmanda
ramonka
ramonjose
ramonjm6
ramonita40
ramonita33
ramonita2
ramonis
ramonini
ramonin
ramonikpink
ramoniki
ramonians
ramonh
ramongarcia
ramong438910
ramonf
ramonet
ramonestrada
ramones_1
ramones9
ramones8
ramones6
ramones4ever
ramones420
ramones3518
ramones3
ramones26
ramones1980
ramones143
ramones11
ramonernesto
ramoner
ramonelle
ramonejr
ramoneda
ramoned8
ramonebunatik
ramone72
ramone45
ramone3
ramone2222
ramone2
ramone17
ramone1324
ramone123
ramone12
ramone10
ramondiaz
ramondd
ramoncito7
ramoncito6
ramoncito16
ramoncillo
ramonbual
ramonb1
ramonb
ramonaza
ramonarami
ramonandres
ramonamor
ramonamihaela
ramonalynn
ramonalove
ramonalma
ramonagrace
ramonadafny
ramonacalin
ramona95
ramona76
ramona75
ramona55
ramona43
ramona33
ramona31
ramona30
ramona26
ramona1980
ramona14
ramona1306
ramona1120
ramona02
ramona013
ramona00
ramon_d
ramon_cute
ramon98
ramon94
ramon92
ramon83
ramon78
ramon75
ramon713
ramon555
ramon47
ramon37
ramon33
ramon2006
ramon1995
ramon1994
ramon1992
ramon1986
ramon1973
ramon123456789
ramon1234
ramon1205
ramon118
ramon08
ramon07
ramon001
ramon0
ramon*
ramon morales
paramond
paildramon
pacoramon
niramonmai
niramon13555
mividaesramon
miramontez
maramon1993M
luvramon
loveramona
kassandramonicmarrujo
juanramon15
juanramon10
juanramon1
joseramondiaz
joseramon21
imperialdramon
heramon4s
giramondo
garamont
framona1
familiagarnhamramon
erikayramon
doramon1
donramon1
doeramon
deeramon
danielramon
claramon
catramon
caramonia
caramona
caramon1
avrilramonalavigne
aregyramonsc
angelramon
andreiramona
amoaramon
agramont
72666ramon
24miramontes
21ramona
1ramone
1loveramon
1972ramon
143ramon
123ramon
1072ramonugarte
zilramon18
ziggyramona
zectramon
zavienramon
zacefronparamoni
youramong2
youramong
yoramona
yo-amo-a-arturo-miramontes
yeseniaramona
yaelramon
www.ramon.com
woramon150831
woramon
wiramona
wilmer ramon
wendyramon
vramona
voyparamonja
vjramon
viramontez
viramont
viramona
vicuramona
victoryramon
victoriabramon
vianelandramon
vals7ramon
uramonkey2
uramonkey0
uramonkey
unaramone
ultramon2007
tzukramonik
tramonze
tramontorosso
tramonto91
tramontana1
tramont8
tramonica1
tramoneluv
tramond01
tramon5
tramon24
tramon222
tramon12
totoramon
titoramon
tianayramon
think_doramon
thesuperamonn
theramonesrules
theramoneselinicio
theramonesaid
theramones23
theramones182
theramones17
theramones06
theramon
thechimeramon
the_ramones_666
the_ramones
the ramones
the ramon
tesuperamonene
teoramona
teiubescramona
teiubescramon
teiubescmacsimramona
teaomramon
teamoramone
teamoramon57689943
teamoalvaroramon
te amo ramon
tauihereramona
tataramon
taruntramong
taramonica
taramonias
taramoni
tamoramon
takaramono
taia-ramon6
sweetramona
svramon1995
suramontreeza
suramontree
supershiramon1
superamon
stramont
stramonium
stanramonaa
srramonrdz
soyramon1
soramone281248
sobreiramondim
snramon2730
simaramonaroxana0726430450
sierramont
sierramon
shiramond
sharamonique
sexyramon1
sexramons
sexpistolsramones
scaramongo
sarituriramona
saramontes
saramonteiro
saramonserrat
saramonroy
saramoniz
saramonis
saramoncada
saramon
sarahramonaoana
sanrramon
sanramonino2007
sanramonhuancayo
sanramon91.
sanramon71
sanramon5f
sanramon2525
sanramon21
sanramon20
sanramon140
sanramon13
sanramon126
sanramon123
san ramon
sammyramone
sakuramonlara
sakuramon
s500sonyramon
ruramona
rufinoramon
ruffaramon
rramonn
rramon19
rpg1412ramonita
royramon3518
rosaramona
ronaramon
romanramones
rokramon
rodriguezramon
rockramones
rocioyramon
riveraramon
ritaramon1
ripramona02
ripramon
richramone
recontramonse
recontramongolit
recontramonce54
razoramone
ramyramona199622
ramonzozo
ramonzoon1984
ramonzo0
ramonzkie
ramonzito
ramonzinho
ramonzap
ramonyyunuen
ramonyusuf
ramonytza
ramonytungka
ramonysharo
ramonysara
ramonyrr
ramonyrosita
ramonyrocio
ramonyqauby
ramonyosoy
ramonynoa
ramonymayra
ramonymartha
ramonyleidy
ramonyk90
ramonyjosme
ramonyjhasita123
ramonyhaifa
ramonygilda
ramonyesenia
ramonyeara
ramonydeko
ramonycy
ramonycajal2374
ramonycajal
ramonyca
ramonybetty
ramonybeba
ramonyany
ramonyangelica
ramonyana
ramonyale4e
ramonyale**
ramony9bruna
ramonxwen
ramonxabtito
ramonwilliams
ramonviv14
ramonvinay25
ramonvicente
ramonvega1
ramonvazquez
ramonva
ramonv86
ramonv1
ramonuscasexxy
ramonus01
ramonurtiza
ramonuk
ramonu2
ramontzacotorontza
ramontu
ramontrd1
ramontragon
ramontqm
ramontorresperez
ramontorres
ramontome
ramonto
ramontk
ramontje
ramontinpoli
ramonteodio
ramonte16
ramonte13
ramonte12345
ramontb305
ramontaña
ramontap
ramontamy
ramonta
ramont?
ramonsupo=
ramonsupo1
ramonsunlove
ramonsua
ramonstock
ramonsotelo
ramonsolano0044
ramonsolana
ramonsol
ramonsmpaa
ramonsmp
ramonsitoteamo
ramonsito93
ramonsito20
ramonsito2
ramonsito12
ramonsito-1
ramonsite
ramonsini
ramonsillo
ramonsgurl4eva
ramonse1
ramonschica
ramonsanz
ramonsantiago
ramonsalva
ramons55
ramons5
ramons28
ramons1girl
ramons12
ramonrules
ramonromulo
ramonroca
ramonrk
ramonrios
ramonreza1
ramonreyes
ramonrasta
ramonraniel
ramonramirez7
ramonrada
ramonra3
ramonr2006
ramonr14
ramonputo
ramonpueoguardi
ramonpradera
ramonpr123
ramonpopie
ramonpom
ramonplatonico
ramonpink
ramonpineda04
ramonpimp
ramonper2007
ramonparra
ramonpapuia
ramonpapi1
ramonpap
ramonpalada
ramonoyarce
ramonoso
ramonornelas
ramonoptica
ramononline
ramonone
ramonoller
ramonojos
ramonog
ramonocasla
ramono16
ramono12
ramonnoel
ramonnino0
ramonne
ramonnah
ramonnaddy
ramonn77
ramonmsoaa
ramonmontejo
ramonmiro
ramonmiguel2006
ramonmhlq
ramonmejiasantiago
ramonmecalco
ramonmc5
ramonmartinez
ramonmarin
ramonmaria
ramonmaddy
ramonm87
ramonm35
ramonm33
ramonm05
ramonm!
ramonluna
ramonluis14
ramonluis1
ramonlovesme
ramonlover20
ramonlol258
ramonlm070589
ramonliz1
ramonlindo
ramonlicona
ramonlagos
ramonl2p
ramonl1
ramonl0
ramonkols
ramonkike
ramonkc
ramonkatok
ramonkaleo
ramonk14
ramonk
ramonjulio
ramonjuan715
ramonjr99
ramonjr16
ramonjr123
ramonjr1
ramonjr03
ramonjojo6
ramonjohn
ramonjocelyn
ramonjoan
ramonjimenez
ramonjessica
ramonjeffrey
ramonjayjay
ramonjason
ramonja
ramonj07
ramoniwis
ramoniv
ramonitoson
ramonitokutang
ramonitobuyco
ramonitcarlo
ramonitapunk
ramonitaortiz
ramonita88
ramonita54
ramonita5
ramonita3168
ramonita1983
ramonita19
ramonita1
ramonita0380
ramonita01
ramonita!
ramonismylife
ramonismy1
ramonish
ramonisblue008@hotmail.com
ramonisahottie
ramoninme1
ramoninio
ramonini21
ramoniku:*:*:*
ramoniklorry
ramonikiuby
ramonikabombonik
ramonikaaa
ramonika81
ramonika23
ramonika21
ramonika1983
ramonika01
ramonik13
ramonik123
ramonik.yo
ramonigote
ramonico
ramonicatrinescu
ramonicapapusica
ramonica99
ramonica86
ramonica77
ramonica07
ramonic
ramoniamum
ramoni2008
ramoni k
ramonhurtado11
ramonhoy
ramonhope
ramonhernandez
ramonheixza123-
ramongusti
ramonguerrero
ramongojr
ramongm
ramongil
ramongarcia57
ramongadon
ramongabyygabo
ramonfunes
ramonfrie11
ramonfrank
ramonforever
ramonfernando
ramonfermin
ramonfeitosa
ramonfeb09
ramonfeatfranzi
ramonezzz
ramonezz
ramonez2
ramoney123
ramoney1
ramonewalker
ramoneu
ramoneti
ramoneta
ramoneswife
ramonesss
ramoness33
ramoness
ramonesrule
ramonesru486
ramonesrok1992
ramonesroc
ramonesrancid
ramonesr1
ramoneslaura
ramoneskiz
ramonesispunk
ramonesica_@hotmail.com
ramonesforever
ramonescc
ramonesbello
ramonesa
ramones_91
ramones_15
ramones?
ramones96
ramones93
ramones89
ramones86/*/*/*/*/*/*
ramones82
ramones79
ramones7
ramones69
ramones55
ramones520
ramones49261
ramones47
ramones44
ramones4
ramones36
ramones33
ramones323
ramones311
ramones31
ramones25
ramones22
ramones21
ramones20
ramones1997
ramones1986
ramones1976
ramones1970?
ramones1970
ramones182
ramones18
ramones14
ramones1389
ramones1366
ramones1236
ramones12345
ramones12/
ramones12
ramones113005
ramones100189
ramones10
ramones1.
ramones07
ramones03
ramones02
ramones0
ramones.1
ramones-1974
ramones#1
ramones boy
ramoneros
ramonero4ever
ramonero.
ramonermit
ramoner8
ramoner08
ramonep7
ramoneo15
ramonemason
ramonelriki
ramonell
ramonelbombonel
ramonelaine
ramonel18
ramonekid5
ramonek
ramoneerg
ramoneduardo
ramonedave
ramonecanabarro
ramoneboogie
ramonebabyboy18
ramoneasa
ramoneas
ramone_jhonny@hotmail.com
ramone_3@yahoo.com
ramone972
ramone96
ramone95
ramone84
ramone826
ramone808
ramone77
ramone6
ramone4
ramone381
ramone33
ramone24
ramone21
ramone2007
ramone20
ramone19
ramone18
ramone16
ramone13
ramone11
ramone1000
ramone0806
ramone08
ramone07
ramone0605
ramone06
ramone05
ramone000
ramone0
ramone...
ramone's
ramone!
ramondy
ramondtamara
ramonds8
ramondria-n-twaun
ramondria
ramondonato
ramondo33
ramondm
ramonditha
ramondillon
ramondelia
ramondejesus
ramondegas
ramondegala
ramondeen
ramondeb
ramondealba
ramondavila
ramondavid
ramondale
ramondah17
ramonda2048
ramond75
ramond74
ramond7
ramond3434
ramond2
ramond12345
ramond123
ramond12
ramoncua
ramonct
ramoncrack
ramoncota55
ramoncorazon
ramoncon2
ramoncitop621
ramoncitong
ramoncito_06
ramoncito???
ramoncito9
ramoncito22157
ramoncito1234
ramoncito06
ramoncito004
ramoncito.
ramoncito-14
ramoncita*55*
ramoncit0
ramoncino
ramoncinho
ramoncin2
ramoncin
ramonci
ramonchy
ramoncho
ramonchnelle
ramonching
ramonchi
ramoncheza
ramonche
ramonchas
ramonce11
ramoncd
ramoncc
ramoncastroteamo
ramoncastillo
ramoncastilla
ramoncamacho
ramoncalderon
ramonc33
ramonc1
ramonc.
ramonbustamante
ramonbravo
ramonblanco
ramonbeteta
ramonberroa1979
ramonbayron
ramonbau08
ramonbaby13
ramonb44
ramonazz
ramonazapacita
ramonayramon
ramonayqp2s
ramonayoyo
ramonayfran
ramonayala@
ramonaward
ramonavictoria
ramonavi175
ramonautlan
ramonatiti
ramonation
ramonathomas
ramonateiubesc
ramonatala
ramonasy
ramonasota
ramonasmecherita
ramonaslatina
ramonashiandrei
ramonasexy
ramonasebisan
ramonasanne
ramonas7
ramonarock
ramonarobert
ramonarmando
ramonarley
ramonarivas
ramonarick
ramonarenz
ramonared
ramonarawlins
ramonaramos
ramonaramonahrg
ramonaramona
ramonaramirez
ramonaramina
ramonar06
ramonaqw
ramonapro
ramonapascu
ramonaok
ramonao
ramonano1
ramonanne
ramonaneverdie
ramonandrei
ramonandra
ramonandmiriam21
ramonandjodi4ever
ramonan11
ramonamurio
ramonamose06
ramonamonav
ramonamona
ramonamlantigua
ramonamititica
ramonamihai
ramonamigo
ramonamendoza
ramonamea
ramonamaxima
ramonamarion
ramonamarie
ramonamaria
ramonamaestre
ramonamaehr
ramonamadalina
ramonaluna0710
ramonalun
ramonaluci
ramonallan
ramonaliza
ramonalia1
ramonali
ramonalfonso781
ramonalejandro
ramonalee
ramonalberto
ramonalavigneavril
ramonalaloca
ramonaklier
ramonakira1024
ramonak
ramonajoey
ramonaj
ramonaislief
ramonaionutz
ramonaionutkiss
ramonaioana
ramonailona
ramonailin
ramonailie
ramonahot
ramonahernandez
ramonah
ramonagting05
ramonagovea
ramonagiulia
ramonagirl
ramonageorgiana
ramonag
ramonafidelia
ramonafeile
ramonaema
ramonaelena
ramonaegone
ramonaduren196861
ramonadulcik
ramonads
ramonadiana
ramonadavidovic1
ramonadaiana
ramonada9
ramonada
ramonad
ramonacostin
ramonaclaudiu
ramonachy
ramonacevedo
ramonace
ramonacaya
ramonacamelia
ramonaca
ramonabogdan
ramonabaciu
ramonaawaitaras+1989
ramonaara2
ramonaandrei
ramonaanca
ramonaamea
ramonaal
ramonaady
ramonaadina
ramonaabr
ramona_7
ramona_69
ramona_36
ramona_1996
ramona_128
ramonaE
ramona98
ramona96
ramona93
ramona91
ramona8905
ramona85
ramona8484
ramona83
ramona82
ramona81
ramona80
ramona78
ramona777
ramona760
ramona721
ramona69
ramona66
ramona63
ramona619
ramona58
ramona5792
ramona53
ramona526
ramona5251
ramona4ever
ramona4drake
ramona48
ramona47
ramona46
ramona418
ramona4015
ramona3427
ramona34
ramona33013
ramona32
ramona3013
ramona2809
ramona27
ramona250
ramona2429
ramona2301
ramona225
ramona21=
ramona21
ramona200988
ramona2008
ramona2007
ramona2003
ramona1997p
ramona1997
ramona1995
ramona1992
ramona1990
ramona1988
ramona1984
ramona1982
ramona1978
ramona1977
ramona1976
ramona1970
ramona1965
ramona1951
ramona187
ramona182
ramona1808
ramona18031995
ramona1784
ramona177
ramona16878
ramona1401
ramona1290
ramona1270
ramona124578
ramona12345
ramona1220
ramona1215
ramona1213
ramona101
ramona1008
ramona100
ramona098
ramona08
ramona07
ramona0685
ramona0615
ramona0611
ramona06
ramona03
ramona02101993
ramona010
ramona005
ramona0
ramona.k
ramona.
ramona-sis
ramona-myna
ramona**10
ramona!@#
ramona!
ramona pena
ramona iancu
ramona georgiana
ramona elena
ramona 18
ramon_ramon
ramon_kimmel
ramon_j
ramon_coh01
ramon__809567905
ramon_1993
ramon_14
ramon_13
ramon_10
ramon_08
ramon@76
ramon:P
ramon9989
ramon98destiny01
ramon987
ramon95
ramon9310
ramon93
ramon91506
ramon89
ramon88
ramon87
ramon86
ramon80
ramon79
ramon777
ramon77
ramon74
ramon737
ramon7323815
ramon730
ramon723
ramon711
ramon707
ramon6951
ramon650
ramon65
ramon6442
ramon64
ramon634
ramon619
ramon618
ramon6021968
ramon5n6
ramon561
ramon56
ramon5588
ramon5500
ramon5254
ramon5251
ramon519
ramon51450
ramon51399
ramon507
ramon5012
ramon50
ramon4me
ramon4lyf
ramon4life
ramon4514
ramon45!
ramon45
ramon4375
ramon4305
ramon43
ramon4243
ramon424
ramon420
ramon42
ramon3x
ramon3s2
ramon3rd
ramon386
ramon3773olga3773
ramon3773
ramon363
ramon36
ramon35
ramon349
ramon3425
ramon34
ramon330
ramon319
ramon318
ramon31603
ramon31221
ramon310
ramon305
ramon30
ramon2u2
ramon2raimi
ramon2aldana
ramon2981999
ramon291079
ramon29!
ramon2879
ramon281
ramon2802
ramon269401
ramon2627
ramon2625
ramon2612
ramon25nery
ramon22s
ramon224
ramon223
ramon2197
ramon2122300
ramon2020
ramon2018050
ramon2008
ramon2007
ramon2006vaca16
ramon2003
ramon2002
ramon2001
ramon2000
ramon1S
ramon1989
ramon1987
ramon1985
ramon1984
ramon1983
ramon1980
ramon1978
ramon1976
ramon1965
ramon1962
ramon1955
ramon192xp
ramon1912
ramon1888
ramon180735
ramon179
ramon1594
ramon157
ramon1525
ramon150382
ramon143133
ramon1329
ramon1316
ramon1303
ramon13*
ramon1296
ramon128
ramon127012
ramon1254
ramon125
ramon1240
ramon124
ramon123456
ramon1229
ramon1225
ramon1223
ramon1206
ramon1202
ramon11kazh16
ramon117
ramon1162006
ramon113
ramon1124
ramon1112
ramon1110
ramon111
ramon1067
ramon10527
ramon1030
ramon10292
ramon101578
ramon1015
ramon101
ramon098
ramon0921
ramon0903
ramon0809
ramon0624
ramon060103
ramon051980
ramon0507
ramon04112307
ramon023
ramon0206
ramon0131
ramon0124
ramon009
ramon005
ramon.ale123
ramon...
ramon-sch
ramon-m
ramon-boo
ramon-15
ramon-03
ramon,renico
ramon*abuelo08
ramon's
ramon$f21
ramon#35
ramon#1
ramon!!7
ramon!!
ramon zavala
ramon noodles
ramon karol
ramon jr248
ramon el papis
ramon 27
ramon 2005
ramoaramon
raindramon
quikeramone
queramonos
purramon
priscilaherreramontes
pramong34
pramona1988
pop ramonna
ponddoramonmon
polvoramontes
pollramon
plincesaramona
pipramone
pesqueiramontana
pesqueiramonica
perry1ramon
perrotinaramona
perroramoncito
perlayramon
perlaramon3849
pepeagramonte
pedroramonperales
pedroramon
paulramon
pattramon1511ssy
pattaramon
patharamon
paramont818
paramont
paramonguina1
paramonga230280
paramonga1991
paramonga1
paramon
papiramon05
papiramon
papidonramon
paoloramon
paolaeramon
paidramon23
pachecoramon
ovidiuramona
orlandoramon
omarramon
olvidarearamon
oliveiramonica
oldramon
officerramon
oeirasamadoramontijo
oasisramones
nuramonic
normayramon
noramon
nivalramona
nitramonia
nistorramona
niramonkuamsab
niramon2530
niramon2529
niramon11
nidramon
neyramon
nechitaramona
natzinyramon
natasjaramon
naramon4919653
naa-ramon
myramono7
myramon1
myramon
mypapiramon
myloveramona19
muscaluramona
moniramonira
momitapramonetkmpekeño
modyramona
missramona
missramon1
miriamyramon
miriamramona1253
miramontez**16
miramontes7
miramontes63
miramonte6
miramonte1
miramont3s
miramonkey07
mimascotaramona
milanramona
miguelramon
meyyramon
metbugoyramona
metalsedramon
metalseadramon
meriagramonte
meramonte
meramon1
meramon
menramon05
mee_ramona
medramon
meandramon
me_n_ramon
mayramontero22
mayramonika
masiramon
markyramone59
marilynandramon
mariluyramon
mariayramon..
mariaramona840917
mariaramona
marianayramoncito
maramontessori
maramon
manuelramon
malisramon
mairamonteiro2008
madaramon
macramone
m3luvzramon
lyramon
luvuramone
luvramones
luv4ramon
lurdes.ramon
luisramonta
luisramon250
luisramon19091994
lucaramona
lubramon
loveramon2
lostramon
losramones55
loramones1914
loramon1
lobramonte
lincoramon
lilramon
lillaramon
liliacramona
lilcaramon
libramona9412
leslieramoneyua
leonaramona
lenramon28
lekdoramon
leiramon1
leasramona
lazaroanaramona07oanaramona
lauraramona
lauramontoya
lauramonteiro
lauramonserrat
lauramonroy
lauramonidiana
lariah95ramon00
laramont
laramonica
laramond
lamierdaramonarosca
kyramonai
kyramona
kuramon
kuliramono
kiramoni80@sbcglobal.net
kiramon
kingramon
kimramon
kimpcaramonte
kimeramon
killerramon
kikeramones
kieramont
kieramonea
kiddyramone
kiarramonique
kiaramonai
kiaramona
khunchandaramony
keyramon0807
kearamon
katyramon
karamonique
karamonica
karamoncita
karamon1
kamiramonay
kadarramona
k1k3-ramone
jyramon21
junearamona
juanramonsantiago
juanramonn
juanramon98
juanramon2008
juanramon16
juanramon0703
jrramon78@yahoo.com
jramonican
jramone
jramon88
joseramonyyeimy
joseramonhector
joseramonguzmanjimenez
joseramonflores
joseramonespigares
joseramon5
joseramon28
joseramon1981cas
joseramon13
joseramon1259
joseramon102
jose ramon
jorgeramon
jordramones
johnraphelramon
johnramon2
joeyramone1987
joeyramone!
joey.ramon
joey-ramone
joeramone
jhontaramona
jesus1ramon2
jessiramone
jessicayramon
jesseniramon
jervismiramon
jerickaramon
jeramon
jennifereramon
jennacramond
jeffreyramon
jarc93ramones
jaramon
janisramona
jamramon
jakeramon0
jacob3ramone2
iulicaiulianjardelramona
iuliaramona
itzaramona
isabelyramon
isabelramon
isa_ramon
iramontel
iramonkey
ioanaramona
indiramonse
imprealdramon
ilyramon
iluvramon5
iluvramon1
ilramon1
iloveyouramonito
iloveramonwesley
iloveramonvega
iloveramone
ilovejoseramon
ildikoramona
ilaramone
ihearttheramones
ihateuramon
iaramonge
ianramon
hunteramon
hugoramonedeedee
hramony
hotramon
holaramone
hereforamonth
hazyramon
happymyramonkey
gutramonga
grecuramona
gramone
goddramon
gioramon
gigadramon
ghiduramona
georgianaramona
georgeviciramona
gatoramon1
garamoni
gabyramon
gabriel25ramon21
gaboneramona
framonsalve
flamderamon
flamamedramon
fladramon34
firamon
fernearamona
fernandoramon
feramones
evoramonte
evanramond
estramonca
eramona4
enframona
ely_ramon16
elramon
eloramon5
ellocoramon
eliottramon041468
elgransanramon
elenaramona
elderamone
elboemioyramon90
elaramonacita
eiramone
eduardoramon123
edithyramon
dylanoramon
dustinramon
dramontersita
dramoney1
dramond
dramona
dorisramon
doramonkey0253
doramondetonics
doramon9
doramon71
doramon555
doramon401
doramon3&4
doramon25829
doramon2328
doramon1331
doramon1234
donramon55
donramon23
donaramona
don.ramon
dominicramon
doktoramonik2223
djcramonair!
diegoramon
dianaramona
deybiramon
deyanirayramon
desiyramon
deramon
denisramon
deedeeramone
deaitramonina
ddramoneforever
davidramona
davidramon729
davidmarianaramonababyblue
darkangelramona
dantelramon
daleramon
cristiramona
crisramoncitoamorcito4ever
crinaramonatibi
cramoner
cotoara ramona
coramon
comanramona
claveloveramon
claramonnet
ciraramona
cicioramona
choneramone77
chimeramonster
chicoramon
chiaramontegulfi
cheslon+ramon
cheramon
chaparramonen22
chandaramony
ceviucramona
celidaramon
ceci22ramon16
cazaciucramona
catalinramona
catalinaramona
cassandramonteiro
cascojuanramon
carramon72
carolinyramon
carltonramone
carlosramone
carlosramon
caramontegordo
caramonte
caramono
caramoncamarelo
caramon78
caramon30
caramon2
caraballoramon
candyramon
camararamon
calotaramona
caicaramono28
buburamones1980
brunetulchicloveramona
bramonte
bramonsbaby 4liie
bramones54
bramondy
bramona
boramon
boneramona
bobramon
bhabyramon
bertenramon
beldramon
bejaelenaramona
barbaramonteiro
babyramona
babyramon
b+ramond
attramon
asuramonk
aramonzai
aramonsi
aramonie
aramon678
aramon2
ansangieramon
anramon
angieramont
angelayramon
andreayramon
andramonic
anayramon
anaya86ramon
anaramon15
anamariaramona]
amorramon
amoajuanramon
amarieiramonadorina
alvarezramon
alinaurelramona
alinaramon
alexramon
alexkerramonica
alexandramonica
alexanderramon
alessandramonzon
airamonica
airamondo
agramon143
afrditaramon
aeiouramona
adriramon
adrianramona
adrianagarciacuevasyramondomingomorenoreyes
adramon
adiramona
addieramonanolen
abramone
abramon93
a7ramona
Watcharamon
Veroyramon
Tramonthomas2
Tramon819
Tramon
THEramones
Raidramon
Pataramon
Pandramon
Megadramon
Libramont
Joseramon
JMramon
E1ramone
Dramonials
Dramond
Dramon
Denisa20_ramona
Cramondmob
Cramond6.5
Caramon1
Beto_ramones70
AvrilramonA7
Aguilerramontoya
@ramoncito@.1983
99sacramonte99
8ramong
8ramon8
8256439ramon
7ramona
7ramon
7241ramones7241
5ramonelis
58576811997ramon
560439dramontoya
51617pramonosidi
4ramonesthe
4ramone
4ramon
4810429doramon
429ramon
411ramona
4053ramon
3tramonez
3ramonci2
3ramon3
396039ramongodinez
393ramonj
38caramono+
3233993400ramon
31155561090ramon
2ramon
26ramon26
260892ramona
25ramon
23ramona
23ramon
23061983ramon
21ramon
21luvzramon
20ramona
1raulramon
1ramonwifey
1ramonita
1ramoneoso
1ramond
1ramon1
1man4meramon
1iloveramon
1990ramonika
199007jramonsm
1989miramontez
1969niramon
1964-04-04ramon
17ramon
17091987ramon
159caramon951
1591ramona
13ramona13
13ramona
13ramon13
13doramon
138ramonmagsaysay
13-ramon
12ramones
12ramona12
12ramon
123ramone
1234ramones
123456ramon
123(ramones)456
1121ramone
1111ramon
1073ramon
05ramon
02doramon
02869513250ramon
01025472ramon
-teamoramoncito-
*theramones*
*ramona*
*ramon*
*2ramon2
(ramon)
$ramones
!ramonayal
ramone2000
      1 ramone
ramone
ramones
ramona
ramone18
ramone
ramona5912
ramona35
ramon
drizztcaramon
Caramon6
ramon08
Gramont
Miramont
Teramont
Tramonti
Framont
Garamond
Aramon
Tramontana
Ultramontanismus
Libramont
Cramon
Tramont
Chiaramonti
Ultramontanen
Tramonet
Faramondo
Ultramond
Liéramont
Chiaramonte
Ostramondra
Saramon
Cramonshagen
stramonium
Cramont
Gramond
Haramont
Agramonte
pramonės
Sovramonte
Ultramontane
Tramonto
Paramonowo
Cramond
Miramontes
Ferramonti
Paramonow
Tramontane
Pharamond
Sanframondi
Maramonte
intramontanen
Stramonita
ahramonline
Cupramontana
ultramontan
Paramonga
Pietramontecorvino
Miramon
Serramonacesca
karamon
Sopramonte
Amfepramone
Garamond
ultramontanism
Gramont
Metamfepramone
ramonda
Aramon
stramonium
Cramond
Imperialdramon
Caramon
Karamon
Casarramona
Miramont
Paramonov
Chiaramonti
Maramon
Tramont
Tramontana
Machinedramon
Miramonte
Sacramone
Miramontes
Kimeramon
Garamone
Chiaramonte
Teramont
Bagramon
Tramonti
Ultramontane
Paramonai
Paildramon
Inperiarudoramon
Agramonte
Serramonte
Pramono
Tramontina
Cyberdramon
Viramontes
Tramon
Tramontane
Gumdramon
Cramont
Takaramono
Liéramont
Haramont
Tramonto
Faramontanos
Arresterdramon
Garamont
Faramondo
Phramongkutklao
Framont
Birdramon
Evoramonte
Tramontano
Pharamond
Megadramon
Indramon
Saramon
Bramon
Deckerdramon
Libramont
Giramondo
Miramon
Vajramon
Makuramon
Mihiramon
Sacramoni
Kuramon
Agramont
Zanramon
Flamedramon
Raidramon
Aframonius
Magnadramon
Pairudoramon
Sinduramon
Gramond
Pajiramon
Sandiramon
Catsuramon
Paramonga
Tramonet
Aramony
Tramontin
Curramoney
Stramonita
Belgramoni
Qahramon
Megidramon
Kumbhiramon
Vajiramon
Monodramon
Pluramon
Volcdramon
Pramoni
Fioramonti
Paramony
Seadramon
Airdramon
Cupramontana
Meramon
Kramon
Maramonte
Moramonadidae
Subramoniam
Ultramontanes
Sanframondi
Tramoni
Miramonti
Calmaramon
Mugendramon
Viramonte
Goldramon
Floramon
Ferramonti
Keramon
Bādoramon
Mugendoramon
Paramontia
Peeramon
Tramontana
Agramonte
Miramontes
Paramonga
Gramont
stramonium
agramonteses
estramonio
Chiaramonte
Claramonte
Agramont
Miramont
Tramont
ultramontanos
Chiaramonti
Bramon
ramoneo
Aramon
Garamond
Viramontes
ultramontano
foramontanos
ramoneadores
ultramontana
Faramontanos
ultramonárquicos
Ultramontanismo
Tramontina
Takaramono
Sarramone
Evoramonte
Tramonti
Caramon
Taramona
Miramonte
Framontanos
Sacramone
Beltramone
Imperialdramon
tramonto
Birdramon
agramontés
ramonear
Joxerramon
Fioramonti
Miramon
Paramonacanthus
Cramond
intramontanas
ramoneador
Perramon
Paramonov
Parramon
ramoncillo
ramonean
hiperamonemia
Garamone
escaramondamanos
Saramon
Zarramonza
Machinedramon
Ferramonti
Casarramona
Pharamond
ultramontanas
intramontanos
Faramontaos
Libramont
Casaramona
Juanramoniano
ultramonárquica
Bramont
zarramonera
ultramontanistas
intramontano
Aramoni
Karamon
Juanramonianos
Kimeramon
ramondii
ultramonárquico
Tramontini
Meramon
dramones
Donramon
Tramontano
Gramond
ramoneado
gramon
Évoramonte
Bagramon
Stramonita
agramontesa
intramontañosa
intramontañosos
foramontano
ramondioides
ramoneando
floramontiberica
Masramon
Paramonovo
Juanramonianas
Sanframondi
estramonios
Déramond
Cupramontana
Mereramon
juanramoniana
Fioramonte
Tramontane
cupramonio
Tramoni
ramoneaban
Paildramon
ramonensis
oltramontano
Tramontin
Useramon
Tramon
Teramont
Charamoni
contramonumento
ramonee
Seadramon
Deckerdramon
Sarramona
tramonta
Mugendramon
Tramonte
Ultramontanism
ramonenses
Dramon
Cyberdramon
Framond
Veedramon
agramontesas
Flamedramon
ramoneur
Paramonova
Miramont
Libramont
Aramon
ramoneur
tramontane
ramoneurs
ultramontanisme
Tramont
Pharamond
Dramont
Garamond
ultramontains
Birdramon
Faramond
stramonium
ultramontain
Framond
Tramoni
Tramontana
Machinedramon
Framont
Miramon
Chiaramonte
Caramon
tramonto
Chiaramonti
Inframonde
Paramonov
Seadramon
Tramonti
ultramontaine
Bramont
iramon
Gramond
Miramontes
Paildramon
Saramon
Garamont
Cramond
Magnadramon
Makuramon
Libramontois
Agramontais
Imperialdramon
ultramontaines
Miramond
Bramon
ramonage
Meramon
Agramonte
Haramont
Kimeramon
Cyberdramon
Goldramon
Yuramon
Déramond
Cramont
Tramonet
Peyramont
Sarramon
Takaramono
Tramond
Vajramon
Agramont
karamon
Deramond
Framondie
Paramonia
Mugendramon
Sacramone
Tramontano
Megidramon
Indramon
Ouseramon
Liéramont
Devidramon
Chatsuramon
Supramonte
Katiramona
Nisramont
Fioramonti
Téramond
Pajramon
Faramondo
Kumbhiramon
Mihiramon
Majiramon
Parramon
Miramonde
Sacramoni
ramoner
oltramontano
Cramon
Garamone
Gramon
Ferramonti
Sanframondi
Garamonde
dramon
Dramons
Goddramon
Holydramon
Kiméramon
Tramonte
tramonta
giramondo
Maildramon
Megadramon
ramonensis
Tramontin
Cupramontana
Stramonita
Casaramona
kawaramono
Bramonas
Paramonovo
Perramond
Ostramondra
Chantaramongkol
Paramonga
Terramont
Karamono
Tramon
Sarramona
Tramontina
Sanframondo
Keramon
Paramontastraea
Tramontini
Pharamon
Casarramona
Evoramonte
Peyramond
Miramontais
Sarramone
ramondi
Sandiramon
Serramonacesca
Aramont
supramontis
Shinduramon
Sagramoni
Giramondu
Maramon
Aramonk
Viramontes
Amfépramone
Tramont
Miramont
Tramontina
Gramont
Saramon
Aramon
Garamond
Tramonet
Gramond
ultramontanismo
Tramonti
Evoramonte
Sacramone
Miramontes
Chiaramonti
Casarramona
stramonium
Faramontanos
Ultramontana
Veedramon
Bramon
Anfepramona
ultramontanos
Miramonte
Agramonte
Sanframondi
ultramontano
Pietramontecorvino
Chiaramonte
Cramonshagen
Paramonov
Sovramonte
Cupramontana
Tramontana
Paramontana
Tramonto
Tramontano
Libramont
Évoramonte
Serramonacesca
Baguramon
Cramond
Faramondo
Agramonteses
Tramonte
Takaramono
hiperamonemia
Caramon
Paramonga
ramoneur
Stramonita
Tramontin
Pharamond
ramoni
Haramonas
Imperialdramon
dramon
Claramonte
Pyramon
Garamone
Tramon
supramontis
Ilanramon
Mugendramon
Bramont
Tramond
Kimeramon
Libramontois
Haramonadaceae
Karamon
Paramont
Pramongkhol
Cramon
ramonensis
ramonianos
ultramontanista
Caramona
Cramona
Birdramon
Machinedramon
Joxerramon
Paramongaia
Caramonã
Tramontini
Paramonas
Paramonovius
Haramont
Framontanos
ramonianus
ramonobrefamiliamedeirosalgarve
Paramonia
Paramoniam
Viramontez
Perramond
Gramon
Miramon
canilcaramonan
Carramona
Gramonte
Ferramonti
Zanramon
Machinedramon
Yuramon
Birdramon
Imperialdramon
seadramon
Veedramon
Megidramon
Tramonti
Meramon
Cyberdramon
Megadramon
Mugendramon
Triceramon
Flamedramon
Raidramon
Paramonai
Floramon
Gigadramon
Nyaramon
Devidramon
Airdramon
Chatsuramon
Chimeramon
Deramon
Ebidramon
Goldramon
Indramon
Kumbhiramon
Magnadramon
Mihiramon
Monodramon
Paildramon
Pajiramon
Pteramon
Sandiramon
Gramont
Chiaramonti
Caramon
Keramon
Paramonov
Meramonun
Fureidoramon
Vajramon
Asuramon
Calmaramon
Cannondramon
Chaosdramon
Commandramon
Darkdramon
Dorugoramon
Firamon
Machinedramonun
Paildramondan
Kimeramon
Kuramon
Labramon
Maildramon
Majiramon
Makuramon
Petaldramon
Reptiledramon
Saberdramon
Sealsdramon
Shadramon
Sinduramon
Deatmeramon
Strikedramon
Tankdramon
Technodramon
Volcdramon
Yatagaramon
Sanframondi
Sacramone
Sovramonte
Chiaramonte
Serramonacesca
Teramont
Cupramontana
Faramondo
Pietramontecorvino
Miramontes
seramonisi
stramoniifolium
Agramonte
Aramon
stramonium
Garamond
Pramongkhol
Tramonto
Ferramonti
Tramontana
Garamone
Ultramontanizm
Saramonowicz
hiperamonyemik
Tramonte
Miramont
Bagramon
Amfepramon
Tramont
Aframonius
Tramontina
ramonianus
Moramonadidae
Zanramon
hiperamonyeminin
Stramonita
Bramont
Cramond
Tramoni
Tramontano
Paramonacanthus
Paramonostomum
iramon
Ceramonematidae
Tramontate
Paramonohystera
Paramontia
Supramontana
Evoramonte
Libramont
Kahramonov
ramona
ramones
ramona
ramones
ramon
ramone
caramon
ramon1
paramon
ramones1
ramona
ramones
ramon
ramone
caramon
ramon1
paramon
ramones1
weramon
tramon
ramonraf
paramonov
garamond
aramon
sanramon
ramon2
ramon123
paramonova
zaramon
tramontana
ramonet
ramoned
ramond
ramona1
ramon7
donramon
cramondo
caramon7
4ramones
tramonto
rramon75
ramonramon
ramoni
ramong
ramones75
ramones7
ramones2
ramones1893
ramones1234
ramone18
ramone12
ramone1
ramonda
ramonas2
ramonag
ramona44
ramona2
ramona01
ramona0
ramon86
ramon40
ramon3
ramon200
ramon12
ramon11
qahramon
paramonfeus
paramon21
mattramone
mattramon
kahramon
joseramon
gramon
doeramon15
diegoramon
caramons
Paramonov1
20tramon
zzzramon
whateverramonduran
weteramon1
ramona
ramones
ramon
ramone
caramon
ramon1
paramon
ramones1
weramon
tramon
ramonraf
paramonov
garamond
aramon
sanramon
ramon2
ramon123
paramonova
zaramon
tramontana
ramonet
ramoned
ramond
ramona1
ramon7
donramon
cramondo
caramon7
4ramones
tramonto
rramon75
ramonramon
ramoni
ramong
ramones75
ramones7
ramones2
ramones1893
ramones1234
ramone18
ramone12
ramone1
ramonda
ramonas2
ramonag
ramona44
ramona2
ramona01
ramona0
ramon86
ramon40
ramon3
ramon200
ramon12
ramon11
qahramon
paramonfeus
paramon21
mattramone
mattramon
kahramon
joseramon
gramon
doeramon15
diegoramon
caramons
Paramonov1
20tramon
ramona
ramones
ramon
ramone
caramon
ramon1
paramon
ramones1
weramon
tramon
ramonraf
paramonov
garamond
aramon
sanramon
ramon2
ramon123
paramonova
zaramon
tramontana
ramonet
ramoned
ramond
ramona1
ramon7
donramon
cramondo
caramon7
4ramones
tramonto
rramon75
ramonramon
ramoni
ramong
ramones75
ramones7
ramones2
ramones1893
ramones1234
ramone18
ramone12
ramone1
ramonda
ramonas2
ramonag
ramona44
ramona2
ramona01
ramona0
ramon86
ramon40
ramon3
ramon200
ramon12
ramon11
qahramon
paramonfeus
paramon21
mattramone
mattramon
kahramon
joseramon
gramon
doeramon15
diegoramon
caramons
Paramonov1
20tramon
zzzramon
whateverramonduran
weteramon1
uramonster
turneramon1
tramontinapepi
tramontina
tramontanofg
tramont1
tramont
tramone2
theramoness2
theramones03
theramones
theramon
thalison@ramon1
taxaparamon
taramonroe
sparkyramon30
slavikparamon
seramon
senyorramon
scooterramon_paralon0
saramontemayor74
saramon
rrramon
rockramoneslovesex15
razorramone03
razorramon
ramonzello92
ramonzdec
ramonyr
ramonvic
ramonv
ramonu
ramontiamo
ramontalion
ramonstone
ramonsito4
ramonsito
ramonsit
ramons
ramonram
ramonr51
ramonr
ramonperes
ramonparr
ramonnoodle
ramonnomar
ramonnme
ramonna_gentry
ramonlindo78
ramoniwe
ramonius777
ramonit
ramoniscool246
ramonin1
ramonias
ramonha
ramongrr
ramonf
ramonexx
ramonetl
ramoneta
ramonesmaniya
ramonesmania
ramones99
ramones9
ramones55
ramones420
ramones1_1
ramones19
ramones138
ramones121
ramones12
ramones!
ramoneroad
ramonernesto
ramonera_17
ramonera
ramonee7
ramonee
ramoneat
ramone_32
ramone95
ramone77
ramone24
ramone2103
ramone001
ramonds1
ramonde
ramond1
ramond020
ramond01
ramoncito
ramoncita
ramoncho
ramonc
ramonas22
ramonaq
ramonalavin
ramonajs091
ramonajo
ramonaguirre
ramonagata
ramonabelgonzale
ramona94
ramona91
ramona8
ramona74
ramona73
ramona70
ramona69
ramona666
ramona66
ramona62
ramona5912
ramona57
ramona51
ramona45
ramona35
ramona33
ramona3112
ramona3
ramona24
ramona2252
ramona21
ramona2002
ramona1993
ramona19912
ramona11
ramona0717
ramona07
ramona02
ramon_12
ramon99
ramon987
ramon86561210
ramon831
ramon77
ramon68
ramon648758
ramon63
ramon55
ramon549
ramon5
ramon426
ramon36528905
ramon3652890
ramon36
ramon333
ramon33
ramon32
ramon29
ramon2108199
ramon1993
ramon1980
ramon198
ramon1979
ramon18
ramon1234
ramon112
ramon102030
ramon1009
ramon1002
ramon10
ramon09
ramon0523
ramon03206
qaxramon
paramont
paramonsv2739437
paramono
paramon_1968
paramon425714
paramon3111993
paramon27111989
paramon19
paramon17
nuramon4
nickparamonov
ncc1701oscaramon.777
myramonste
miramona
mercedesramona_risse
maria.paramonova1989
mamaramona1
lucianoramon
lparamonov
love_ramones
losramones
letsgoramones
kramone1993
kingsearamone
karamon1
juramona
joeyramone
joeyramon
jiramon
jcramon
ianramon101806
iamramon
horacioramon28
hiramoni
guitarramon54
gramon6
gingeramoneros
garciaramon
garamono
frayramonpan
foramon
ferramon
fabioramon
estramon
drramon132
drizztcaramon
dragonramonpires_23
djramon79
dianaramon
deramon
curamonst
cupramontana
cramond
cramon7
ceramon7
cattedramonnet
caramonmajer
caramonb
caramon77
caramon5
caramon34
caramon33
caramon3
caramon2000
caramon2
caramon1
caramon04
bramona
batmancaramon01
banditCramond
b@@Sramonf
arsenalramonstone
arsenalramon
aramonik
aramonie1
aramonie
aramonay
aramonas
aramon1
amandaramons
agramont
afturramon
adramon
Zitramonn78
Nuramon
Kaxramon
Garamond00
Flamedramon
Feramon
Cramonciau
Caramon6
97ramon00
9082ramon69
820ramona
47gramon
3809ramonito0506
2attramon2
26ramonya06
1ramones
1ramona
161264ramon
13ramon
123ramon
11santramon99
044ramon
